../Src/gpioa_led_pin_cfg_wrapper_class.cpp:36:18:static auto& RCC::AHB1ENR()	8	static
../Src/gpioa_led_pin_cfg_wrapper_class.cpp:197:6:void delay()	16	static,ignoring_inline_asm
../Src/gpioa_led_pin_cfg_wrapper_class.cpp:208:5:int main()	24	static
../Src/gpioa_led_pin_cfg_wrapper_class.cpp:14:31:static volatile uint32_t& Register<address>::value() [with unsigned int address = 1073887280]	4	static
../Src/gpioa_led_pin_cfg_wrapper_class.cpp:96:17:static void GPIO<Port, pin>::enable_clock() [with Port = GPIO_Port<1073876992>; unsigned char pin = 5]	8	static
../Src/gpioa_led_pin_cfg_wrapper_class.cpp:96:17:static void GPIO<Port, pin>::enable_clock() [with Port = GPIO_Port<1073873920>; unsigned char pin = 7]	8	static
../Src/gpioa_led_pin_cfg_wrapper_class.cpp:96:17:static void GPIO<Port, pin>::enable_clock() [with Port = GPIO_Port<1073872896>; unsigned char pin = 1]	8	static
../Src/gpioa_led_pin_cfg_wrapper_class.cpp:162:5:LED<GPIO_PIN, st>::LED() [with GPIO_PIN = GPIO<GPIO_Port<1073876992>, 5>; unsigned char st = 0]	16	static
../Src/gpioa_led_pin_cfg_wrapper_class.cpp:162:5:LED<GPIO_PIN, st>::LED() [with GPIO_PIN = GPIO<GPIO_Port<1073873920>, 7>; unsigned char st = 0]	16	static
../Src/gpioa_led_pin_cfg_wrapper_class.cpp:162:5:LED<GPIO_PIN, st>::LED() [with GPIO_PIN = GPIO<GPIO_Port<1073872896>, 1>; unsigned char st = 1]	16	static
../Src/gpioa_led_pin_cfg_wrapper_class.cpp:188:10:bool LED<GPIO_PIN, st>::read() [with GPIO_PIN = GPIO<GPIO_Port<1073872896>, 1>; unsigned char st = 1]	16	static
../Src/gpioa_led_pin_cfg_wrapper_class.cpp:184:10:void LED<GPIO_PIN, st>::toggle() [with GPIO_PIN = GPIO<GPIO_Port<1073876992>, 5>; unsigned char st = 0]	16	static
../Src/gpioa_led_pin_cfg_wrapper_class.cpp:184:10:void LED<GPIO_PIN, st>::toggle() [with GPIO_PIN = GPIO<GPIO_Port<1073873920>, 7>; unsigned char st = 0]	16	static
../Src/gpioa_led_pin_cfg_wrapper_class.cpp:50:18:static auto& GPIO_Port<base>::MODER() [with unsigned int base = 1073876992]	8	static
../Src/gpioa_led_pin_cfg_wrapper_class.cpp:115:17:static void GPIO<Port, pin>::set_output() [with Port = GPIO_Port<1073876992>; unsigned char pin = 5]	8	static
../Src/gpioa_led_pin_cfg_wrapper_class.cpp:50:18:static auto& GPIO_Port<base>::MODER() [with unsigned int base = 1073873920]	8	static
../Src/gpioa_led_pin_cfg_wrapper_class.cpp:115:17:static void GPIO<Port, pin>::set_output() [with Port = GPIO_Port<1073873920>; unsigned char pin = 7]	8	static
../Src/gpioa_led_pin_cfg_wrapper_class.cpp:50:18:static auto& GPIO_Port<base>::MODER() [with unsigned int base = 1073872896]	8	static
../Src/gpioa_led_pin_cfg_wrapper_class.cpp:109:17:static void GPIO<Port, pin>::set_input() [with Port = GPIO_Port<1073872896>; unsigned char pin = 1]	8	static
../Src/gpioa_led_pin_cfg_wrapper_class.cpp:62:18:static auto& GPIO_Port<base>::IDR() [with unsigned int base = 1073872896]	8	static
../Src/gpioa_led_pin_cfg_wrapper_class.cpp:137:17:static bool GPIO<Port, pin>::read() [with Port = GPIO_Port<1073872896>; unsigned char pin = 1]	8	static
../Src/gpioa_led_pin_cfg_wrapper_class.cpp:143:17:static void GPIO<Port, pin>::toggle() [with Port = GPIO_Port<1073876992>; unsigned char pin = 5]	8	static
../Src/gpioa_led_pin_cfg_wrapper_class.cpp:143:17:static void GPIO<Port, pin>::toggle() [with Port = GPIO_Port<1073873920>; unsigned char pin = 7]	8	static
../Src/gpioa_led_pin_cfg_wrapper_class.cpp:14:31:static volatile uint32_t& Register<address>::value() [with unsigned int address = 1073876992]	4	static
../Src/gpioa_led_pin_cfg_wrapper_class.cpp:14:31:static volatile uint32_t& Register<address>::value() [with unsigned int address = 1073873920]	4	static
../Src/gpioa_led_pin_cfg_wrapper_class.cpp:14:31:static volatile uint32_t& Register<address>::value() [with unsigned int address = 1073872896]	4	static
../Src/gpioa_led_pin_cfg_wrapper_class.cpp:14:31:static volatile uint32_t& Register<address>::value() [with unsigned int address = 1073872912]	4	static
../Src/gpioa_led_pin_cfg_wrapper_class.cpp:62:18:static auto& GPIO_Port<base>::IDR() [with unsigned int base = 1073876992]	8	static
../Src/gpioa_led_pin_cfg_wrapper_class.cpp:137:17:static bool GPIO<Port, pin>::read() [with Port = GPIO_Port<1073876992>; unsigned char pin = 5]	8	static
../Src/gpioa_led_pin_cfg_wrapper_class.cpp:68:18:static auto& GPIO_Port<base>::BSRR() [with unsigned int base = 1073876992]	8	static
../Src/gpioa_led_pin_cfg_wrapper_class.cpp:131:17:static void GPIO<Port, pin>::reset() [with Port = GPIO_Port<1073876992>; unsigned char pin = 5]	8	static
../Src/gpioa_led_pin_cfg_wrapper_class.cpp:125:17:static void GPIO<Port, pin>::set() [with Port = GPIO_Port<1073876992>; unsigned char pin = 5]	8	static
../Src/gpioa_led_pin_cfg_wrapper_class.cpp:62:18:static auto& GPIO_Port<base>::IDR() [with unsigned int base = 1073873920]	8	static
../Src/gpioa_led_pin_cfg_wrapper_class.cpp:137:17:static bool GPIO<Port, pin>::read() [with Port = GPIO_Port<1073873920>; unsigned char pin = 7]	8	static
../Src/gpioa_led_pin_cfg_wrapper_class.cpp:68:18:static auto& GPIO_Port<base>::BSRR() [with unsigned int base = 1073873920]	8	static
../Src/gpioa_led_pin_cfg_wrapper_class.cpp:131:17:static void GPIO<Port, pin>::reset() [with Port = GPIO_Port<1073873920>; unsigned char pin = 7]	8	static
../Src/gpioa_led_pin_cfg_wrapper_class.cpp:125:17:static void GPIO<Port, pin>::set() [with Port = GPIO_Port<1073873920>; unsigned char pin = 7]	8	static
../Src/gpioa_led_pin_cfg_wrapper_class.cpp:14:31:static volatile uint32_t& Register<address>::value() [with unsigned int address = 1073877008]	4	static
../Src/gpioa_led_pin_cfg_wrapper_class.cpp:14:31:static volatile uint32_t& Register<address>::value() [with unsigned int address = 1073877016]	4	static
../Src/gpioa_led_pin_cfg_wrapper_class.cpp:14:31:static volatile uint32_t& Register<address>::value() [with unsigned int address = 1073873936]	4	static
../Src/gpioa_led_pin_cfg_wrapper_class.cpp:14:31:static volatile uint32_t& Register<address>::value() [with unsigned int address = 1073873944]	4	static
