../Src/usart3_singleton.cpp:6:6:void delayMs(int)	24	static
../Src/usart3_singleton.cpp:13:5:USART::USART()	16	static
../Src/usart3_singleton.cpp:16:19:static USART& USART::instance()	8	static,ignoring_inline_asm
../Src/usart3_singleton.cpp:27:10:void USART::USART3_init()	16	static
../Src/usart3_singleton.cpp:49:10:void USART::USART3_write(char)	16	static
../Src/usart3_singleton.cpp:54:10:void USART::USART3_write(const char*)	16	static
../Src/usart3_singleton.cpp:60:13:uint8_t USART::USART3_read()	16	static
../Src/usart3_singleton.cpp:66:5:int main()	16	static
