../Core/Src/CAP_CALB_DIS.cpp:102:5:int main()	40	static,ignoring_inline_asm
../Core/Src/CAP_CALB_DIS.cpp:196:6:void SystemClock_Config()	88	static
../Core/Src/CAP_CALB_DIS.cpp:242:13:void MX_I2C1_Init()	8	static
../Core/Src/CAP_CALB_DIS.cpp:276:13:void MX_I2S3_Init()	8	static
../Core/Src/CAP_CALB_DIS.cpp:310:13:void MX_SPI1_Init()	8	static
../Core/Src/CAP_CALB_DIS.cpp:348:13:void MX_GPIO_Init()	56	static
../Core/Src/CAP_CALB_DIS.cpp:457:13:void capture_task(void*)	16	static
../Core/Src/CAP_CALB_DIS.cpp:468:13:void calibarate_task(void*)	16	static
../Core/Src/CAP_CALB_DIS.cpp:479:13:void display_task(void*)	16	static
../Core/Src/CAP_CALB_DIS.cpp:503:13:void AC_task(void*)	24	static
../Core/Src/CAP_CALB_DIS.cpp:540:6:void StartDefaultTask(void*)	16	static
../Core/Src/CAP_CALB_DIS.cpp:561:6:void HAL_TIM_PeriodElapsedCallback(TIM_HandleTypeDef*)	16	static
../Core/Src/CAP_CALB_DIS.cpp:578:6:void Error_Handler()	4	static,ignoring_inline_asm
