Archive member included to satisfy reference by file (symbol)

/opt/st/stm32cubeide_2.1.1/plugins/com.st.stm32cube.ide.mcu.externaltools.gnu-tools-for-stm32.14.3.rel1.linux64_1.0.100.202602081740/tools/bin/../lib/gcc/arm-none-eabi/14.3.1/../../../../arm-none-eabi/lib/thumb/v7e-m+fp/hard/libstdc++_nano.a(del_ops.o)
                              ./Src/dynamic_led_pin.o (operator delete(void*, unsigned int))
/opt/st/stm32cubeide_2.1.1/plugins/com.st.stm32cube.ide.mcu.externaltools.gnu-tools-for-stm32.14.3.rel1.linux64_1.0.100.202602081740/tools/bin/../lib/gcc/arm-none-eabi/14.3.1/../../../../arm-none-eabi/lib/thumb/v7e-m+fp/hard/libstdc++_nano.a(new_op.o)
                              ./Src/dynamic_led_pin.o (operator new(unsigned int))
/opt/st/stm32cubeide_2.1.1/plugins/com.st.stm32cube.ide.mcu.externaltools.gnu-tools-for-stm32.14.3.rel1.linux64_1.0.100.202602081740/tools/bin/../lib/gcc/arm-none-eabi/14.3.1/../../../../arm-none-eabi/lib/thumb/v7e-m+fp/hard/libstdc++_nano.a(del_op.o)
                              /opt/st/stm32cubeide_2.1.1/plugins/com.st.stm32cube.ide.mcu.externaltools.gnu-tools-for-stm32.14.3.rel1.linux64_1.0.100.202602081740/tools/bin/../lib/gcc/arm-none-eabi/14.3.1/../../../../arm-none-eabi/lib/thumb/v7e-m+fp/hard/libstdc++_nano.a(del_ops.o) (operator delete(void*))
/opt/st/stm32cubeide_2.1.1/plugins/com.st.stm32cube.ide.mcu.externaltools.gnu-tools-for-stm32.14.3.rel1.linux64_1.0.100.202602081740/tools/bin/../lib/gcc/arm-none-eabi/14.3.1/../../../../arm-none-eabi/lib/thumb/v7e-m+fp/hard/libstdc++_nano.a(new_handler.o)
                              /opt/st/stm32cubeide_2.1.1/plugins/com.st.stm32cube.ide.mcu.externaltools.gnu-tools-for-stm32.14.3.rel1.linux64_1.0.100.202602081740/tools/bin/../lib/gcc/arm-none-eabi/14.3.1/../../../../arm-none-eabi/lib/thumb/v7e-m+fp/hard/libstdc++_nano.a(new_op.o) (std::get_new_handler())
/opt/st/stm32cubeide_2.1.1/plugins/com.st.stm32cube.ide.mcu.externaltools.gnu-tools-for-stm32.14.3.rel1.linux64_1.0.100.202602081740/tools/bin/../lib/gcc/arm-none-eabi/14.3.1/../../../../arm-none-eabi/lib/thumb/v7e-m+fp/hard/libc_nano.a(libc_a-abort.o)
                              /opt/st/stm32cubeide_2.1.1/plugins/com.st.stm32cube.ide.mcu.externaltools.gnu-tools-for-stm32.14.3.rel1.linux64_1.0.100.202602081740/tools/bin/../lib/gcc/arm-none-eabi/14.3.1/../../../../arm-none-eabi/lib/thumb/v7e-m+fp/hard/libstdc++_nano.a(new_op.o) (abort)
/opt/st/stm32cubeide_2.1.1/plugins/com.st.stm32cube.ide.mcu.externaltools.gnu-tools-for-stm32.14.3.rel1.linux64_1.0.100.202602081740/tools/bin/../lib/gcc/arm-none-eabi/14.3.1/../../../../arm-none-eabi/lib/thumb/v7e-m+fp/hard/libc_nano.a(libc_a-exit.o)
                              /opt/st/stm32cubeide_2.1.1/plugins/com.st.stm32cube.ide.mcu.externaltools.gnu-tools-for-stm32.14.3.rel1.linux64_1.0.100.202602081740/tools/bin/../lib/gcc/arm-none-eabi/14.3.1/../../../../arm-none-eabi/lib/thumb/v7e-m+fp/hard/crt0.o (exit)
/opt/st/stm32cubeide_2.1.1/plugins/com.st.stm32cube.ide.mcu.externaltools.gnu-tools-for-stm32.14.3.rel1.linux64_1.0.100.202602081740/tools/bin/../lib/gcc/arm-none-eabi/14.3.1/../../../../arm-none-eabi/lib/thumb/v7e-m+fp/hard/libc_nano.a(libc_a-malloc.o)
                              /opt/st/stm32cubeide_2.1.1/plugins/com.st.stm32cube.ide.mcu.externaltools.gnu-tools-for-stm32.14.3.rel1.linux64_1.0.100.202602081740/tools/bin/../lib/gcc/arm-none-eabi/14.3.1/../../../../arm-none-eabi/lib/thumb/v7e-m+fp/hard/libstdc++_nano.a(new_op.o) (malloc)
/opt/st/stm32cubeide_2.1.1/plugins/com.st.stm32cube.ide.mcu.externaltools.gnu-tools-for-stm32.14.3.rel1.linux64_1.0.100.202602081740/tools/bin/../lib/gcc/arm-none-eabi/14.3.1/../../../../arm-none-eabi/lib/thumb/v7e-m+fp/hard/libc_nano.a(libc_a-mallocr.o)
                              /opt/st/stm32cubeide_2.1.1/plugins/com.st.stm32cube.ide.mcu.externaltools.gnu-tools-for-stm32.14.3.rel1.linux64_1.0.100.202602081740/tools/bin/../lib/gcc/arm-none-eabi/14.3.1/../../../../arm-none-eabi/lib/thumb/v7e-m+fp/hard/libc_nano.a(libc_a-malloc.o) (_malloc_r)
/opt/st/stm32cubeide_2.1.1/plugins/com.st.stm32cube.ide.mcu.externaltools.gnu-tools-for-stm32.14.3.rel1.linux64_1.0.100.202602081740/tools/bin/../lib/gcc/arm-none-eabi/14.3.1/../../../../arm-none-eabi/lib/thumb/v7e-m+fp/hard/libc_nano.a(libc_a-mlock.o)
                              /opt/st/stm32cubeide_2.1.1/plugins/com.st.stm32cube.ide.mcu.externaltools.gnu-tools-for-stm32.14.3.rel1.linux64_1.0.100.202602081740/tools/bin/../lib/gcc/arm-none-eabi/14.3.1/../../../../arm-none-eabi/lib/thumb/v7e-m+fp/hard/libc_nano.a(libc_a-mallocr.o) (__malloc_lock)
/opt/st/stm32cubeide_2.1.1/plugins/com.st.stm32cube.ide.mcu.externaltools.gnu-tools-for-stm32.14.3.rel1.linux64_1.0.100.202602081740/tools/bin/../lib/gcc/arm-none-eabi/14.3.1/../../../../arm-none-eabi/lib/thumb/v7e-m+fp/hard/libc_nano.a(libc_a-findfp.o)
[...]
Memory Configuration

Name             Origin             Length             Attributes
CCMRAM           0x10000000         0x00010000         xrw
RAM              0x20000000         0x00020000         xrw
FLASH            0x08000000         0x00100000         xr
*default*        0x00000000         0xffffffff

Linker script and memory map

LOAD /opt/st/stm32cubeide_2.1.1/plugins/com.st.stm32cube.ide.mcu.externaltools.gnu-tools-for-stm32.14.3.rel1.linux64_1.0.100.202602081740/tools/bin/../lib/gcc/arm-none-eabi/14.3.1/thumb/v7e-m+fp/hard/crti.o
LOAD /opt/st/stm32cubeide_2.1.1/plugins/com.st.stm32cube.ide.mcu.externaltools.gnu-tools-for-stm32.14.3.rel1.linux64_1.0.100.202602081740/tools/bin/../lib/gcc/arm-none-eabi/14.3.1/thumb/v7e-m+fp/hard/crtbegin.o
LOAD /opt/st/stm32cubeide_2.1.1/plugins/com.st.stm32cube.ide.mcu.externaltools.gnu-tools-for-stm32.14.3.rel1.linux64_1.0.100.202602081740/tools/bin/../lib/gcc/arm-none-eabi/14.3.1/../../../../arm-none-eabi/lib/thumb/v7e-m+fp/hard/crt0.o
LOAD ./Src/dynamic_led_pin.o
LOAD ./Src/syscalls.o
LOAD ./Src/sysmem.o
LOAD ./Startup/startup_stm32f407vgtx.o
START GROUP
LOAD /opt/st/stm32cubeide_2.1.1/plugins/com.st.stm32cube.ide.mcu.externaltools.gnu-tools-for-stm32.14.3.rel1.linux64_1.0.100.202602081740/tools/bin/../lib/gcc/arm-none-eabi/14.3.1/../../../../arm-none-eabi/lib/thumb/v7e-m+fp/hard/libstdc++_nano.a
LOAD /opt/st/stm32cubeide_2.1.1/plugins/com.st.stm32cube.ide.mcu.externaltools.gnu-tools-for-stm32.14.3.rel1.linux64_1.0.100.202602081740/tools/bin/../lib/gcc/arm-none-eabi/14.3.1/../../../../arm-none-eabi/lib/thumb/v7e-m+fp/hard/libsupc++_nano.a
END GROUP
LOAD /opt/st/stm32cubeide_2.1.1/plugins/com.st.stm32cube.ide.mcu.externaltools.gnu-tools-for-stm32.14.3.rel1.linux64_1.0.100.202602081740/tools/bin/../lib/gcc/arm-none-eabi/14.3.1/../../../../arm-none-eabi/lib/thumb/v7e-m+fp/hard/libstdc++_nano.a
LOAD /opt/st/stm32cubeide_2.1.1/plugins/com.st.stm32cube.ide.mcu.externaltools.gnu-tools-for-stm32.14.3.rel1.linux64_1.0.100.202602081740/tools/bin/../lib/gcc/arm-none-eabi/14.3.1/../../../../arm-none-eabi/lib/thumb/v7e-m+fp/hard/libm.a
LOAD /opt/st/stm32cubeide_2.1.1/plugins/com.st.stm32cube.ide.mcu.externaltools.gnu-tools-for-stm32.14.3.rel1.linux64_1.0.100.202602081740/tools/bin/../lib/gcc/arm-none-eabi/14.3.1/../../../../arm-none-eabi/lib/thumb/v7e-m+fp/hard/libc_nano.a
START GROUP
LOAD /opt/st/stm32cubeide_2.1.1/plugins/com.st.stm32cube.ide.mcu.externaltools.gnu-tools-for-stm32.14.3.rel1.linux64_1.0.100.202602081740/tools/bin/../lib/gcc/arm-none-eabi/14.3.1/thumb/v7e-m+fp/hard/libgcc.a
LOAD /opt/st/stm32cubeide_2.1.1/plugins/com.st.stm32cube.ide.mcu.externaltools.gnu-tools-for-stm32.14.3.rel1.linux64_1.0.100.202602081740/tools/bin/../lib/gcc/arm-none-eabi/14.3.1/../../../../arm-none-eabi/lib/thumb/v7e-m+fp/hard/libc_nano.a
END GROUP
START GROUP
LOAD /opt/st/stm32cubeide_2.1.1/plugins/com.st.stm32cube.ide.mcu.externaltools.gnu-tools-for-stm32.14.3.rel1.linux64_1.0.100.202602081740/tools/bin/../lib/gcc/arm-none-eabi/14.3.1/thumb/v7e-m+fp/hard/libgcc.a
LOAD /opt/st/stm32cubeide_2.1.1/plugins/com.st.stm32cube.ide.mcu.externaltools.gnu-tools-for-stm32.14.3.rel1.linux64_1.0.100.202602081740/tools/bin/../lib/gcc/arm-none-eabi/14.3.1/../../../../arm-none-eabi/lib/thumb/v7e-m+fp/hard/libc_nano.a
LOAD /opt/st/stm32cubeide_2.1.1/plugins/com.st.stm32cube.ide.mcu.externaltools.gnu-tools-for-stm32.14.3.rel1.linux64_1.0.100.202602081740/tools/bin/../lib/gcc/arm-none-eabi/14.3.1/../../../../arm-none-eabi/lib/thumb/v7e-m+fp/hard/libnosys.a
END GROUP
START GROUP
LOAD /opt/st/stm32cubeide_2.1.1/plugins/com.st.stm32cube.ide.mcu.externaltools.gnu-tools-for-stm32.14.3.rel1.linux64_1.0.100.202602081740/tools/bin/../lib/gcc/arm-none-eabi/14.3.1/thumb/v7e-m+fp/hard/libgcc.a
LOAD /opt/st/stm32cubeide_2.1.1/plugins/com.st.stm32cube.ide.mcu.externaltools.gnu-tools-for-stm32.14.3.rel1.linux64_1.0.100.202602081740/tools/bin/../lib/gcc/arm-none-eabi/14.3.1/../../../../arm-none-eabi/lib/thumb/v7e-m+fp/hard/libc_nano.a
LOAD /opt/st/stm32cubeide_2.1.1/plugins/com.st.stm32cube.ide.mcu.externaltools.gnu-tools-for-stm32.14.3.rel1.linux64_1.0.100.202602081740/tools/bin/../lib/gcc/arm-none-eabi/14.3.1/../../../../arm-none-eabi/lib/thumb/v7e-m+fp/hard/libnosys.a
END GROUP
LOAD /opt/st/stm32cubeide_2.1.1/plugins/com.st.stm32cube.ide.mcu.externaltools.gnu-tools-for-stm32.14.3.rel1.linux64_1.0.100.202602081740/tools/bin/../lib/gcc/arm-none-eabi/14.3.1/thumb/v7e-m+fp/hard/crtend.o
LOAD /opt/st/stm32cubeide_2.1.1/plugins/com.st.stm32cube.ide.mcu.externaltools.gnu-tools-for-stm32.14.3.rel1.linux64_1.0.100.202602081740/tools/bin/../lib/gcc/arm-none-eabi/14.3.1/thumb/v7e-m+fp/hard/crtn.o
                0x20020000                        _estack = (ORIGIN (RAM) + LENGTH (RAM))
                0x00000200                        _Min_Heap_Size = 0x200
                0x00000400                        _Min_Stack_Size = 0x400

.isr_vector     0x08000000      0x188
                0x08000000                        . = ALIGN (0x4)
 *(.isr_vector)
 .isr_vector    0x08000000      0x188 ./Startup/startup_stm32f407vgtx.o
                0x08000000                g_pfnVectors
                0x08000188                        . = ALIGN (0x4)

.text           0x08000188      0x708
                0x08000188                        . = ALIGN (0x4)
 *(.text)
 .text          0x08000188       0x40 /opt/st/stm32cubeide_2.1.1/plugins/com.st.stm32cube.ide.mcu.externaltools.gnu-tools-for-stm32.14.3.rel1.linux64_1.0.100.202602081740/tools/bin/../lib/gcc/arm-none-eabi/14.3.1/thumb/v7e-m+fp/hard/crtbegin.o
 *(.text*)
 .text._ZN4GPIO12clock_enableEv
                0x080001c8       0x2c ./Src/dynamic_led_pin.o
                0x080001c8                GPIO::clock_enable()
 .text._ZN4GPIO10set_outputEh
                0x080001f4       0x44 ./Src/dynamic_led_pin.o
                0x080001f4                GPIO::set_output(unsigned char)
 .text._ZN4GPIO9set_inputEh
                0x08000238       0x30 ./Src/dynamic_led_pin.o
                0x08000238                GPIO::set_input(unsigned char)
 .text._ZN4GPIO3setEm
                0x08000268       0x2c ./Src/dynamic_led_pin.o
                0x08000268                GPIO::set(unsigned long)
 .text._ZN4GPIO5resetEm
                0x08000294       0x30 ./Src/dynamic_led_pin.o
                0x08000294                GPIO::reset(unsigned long)
 .text._ZN4GPIO6toggleEm
                0x080002c4       0x40 ./Src/dynamic_led_pin.o
                0x080002c4                GPIO::toggle(unsigned long)
 .text._ZN4GPIO4readEv
                0x08000304       0x1c ./Src/dynamic_led_pin.o
                0x08000304                GPIO::read()
 .text._ZN3ledC2Eh
                0x08000320       0x26 ./Src/dynamic_led_pin.o
                0x08000320                led::led(unsigned char)
                0x08000320                led::led(unsigned char)
 .text._ZN3led6toggleEv
                0x08000346       0x1c ./Src/dynamic_led_pin.o
                0x08000346                led::toggle()
 .text._ZN3ledD2Ev
                0x08000362       0x22 ./Src/dynamic_led_pin.o
                0x08000362                led::~led()
                0x08000362                led::~led()
 .text._Z5delayv
                0x08000384       0x38 ./Src/dynamic_led_pin.o
                0x08000384                delay()
 .text.main     0x080003bc       0x5e ./Src/dynamic_led_pin.o
                0x080003bc                main
 .text._getpid  0x0800041a       0x10 ./Src/syscalls.o
                0x0800041a                _getpid
 .text._kill    0x0800042a       0x20 ./Src/syscalls.o
                0x0800042a                _kill
 .text._exit    0x0800044a       0x16 ./Src/syscalls.o
                0x0800044a                _exit
 .text._sbrk    0x08000460       0x6c ./Src/sysmem.o
                0x08000460                _sbrk
 .text.Reset_Handler
                0x080004cc       0x50 ./Startup/startup_stm32f407vgtx.o
                0x080004cc                Reset_Handler
 .text.Default_Handler
                0x0800051c        0x2 ./Startup/startup_stm32f407vgtx.o
                0x0800051c                RTC_Alarm_IRQHandler
                0x0800051c                HASH_RNG_IRQHandler
                0x0800051c                EXTI2_IRQHandler
                0x0800051c                TIM8_CC_IRQHandler
                0x0800051c                DebugMon_Handler
                0x0800051c                TIM1_CC_IRQHandler
                0x0800051c                DMA2_Stream5_IRQHandler
                0x0800051c                HardFault_Handler
                0x0800051c                DMA1_Stream5_IRQHandler
                0x0800051c                SysTick_Handler
                0x0800051c                PVD_IRQHandler
                0x0800051c                SDIO_IRQHandler
                0x0800051c                TAMP_STAMP_IRQHandler
                0x0800051c                PendSV_Handler
                0x0800051c                NMI_Handler
                0x0800051c                CAN2_RX1_IRQHandler
                0x0800051c                EXTI3_IRQHandler
                0x0800051c                TIM8_TRG_COM_TIM14_IRQHandler
                0x0800051c                TIM1_UP_TIM10_IRQHandler
                0x0800051c                TIM8_UP_TIM13_IRQHandler
                0x0800051c                I2C3_ER_IRQHandler
                0x0800051c                EXTI0_IRQHandler
                0x0800051c                I2C2_EV_IRQHandler
                0x0800051c                DMA1_Stream2_IRQHandler
                0x0800051c                CAN1_RX0_IRQHandler
                0x0800051c                FPU_IRQHandler
                0x0800051c                OTG_HS_WKUP_IRQHandler
                0x0800051c                UsageFault_Handler
                0x0800051c                CAN2_SCE_IRQHandler
                0x0800051c                DMA2_Stream2_IRQHandler
                0x0800051c                SPI1_IRQHandler
                0x0800051c                TIM6_DAC_IRQHandler
                0x0800051c                TIM1_BRK_TIM9_IRQHandler
                0x0800051c                DCMI_IRQHandler
                0x0800051c                CAN2_RX0_IRQHandler
                0x0800051c                DMA2_Stream3_IRQHandler
                0x0800051c                USART6_IRQHandler
                0x0800051c                USART3_IRQHandler
                0x0800051c                CRYP_IRQHandler
                0x0800051c                CAN1_RX1_IRQHandler
                0x0800051c                UART5_IRQHandler
                0x0800051c                DMA2_Stream0_IRQHandler
                0x0800051c                TIM4_IRQHandler
                0x0800051c                I2C1_EV_IRQHandler
                0x0800051c                DMA1_Stream6_IRQHandler
                0x0800051c                DMA1_Stream1_IRQHandler
                0x0800051c                UART4_IRQHandler
                0x0800051c                TIM3_IRQHandler
                0x0800051c                RCC_IRQHandler
                0x0800051c                TIM8_BRK_TIM12_IRQHandler
                0x0800051c                Default_Handler
                0x0800051c                EXTI15_10_IRQHandler
                0x0800051c                ADC_IRQHandler
                0x0800051c                DMA1_Stream7_IRQHandler
                0x0800051c                TIM7_IRQHandler
                0x0800051c                CAN2_TX_IRQHandler
                0x0800051c                TIM5_IRQHandler
                0x0800051c                DMA2_Stream7_IRQHandler
                0x0800051c                I2C3_EV_IRQHandler
                0x0800051c                EXTI9_5_IRQHandler
                0x0800051c                RTC_WKUP_IRQHandler
                0x0800051c                ETH_WKUP_IRQHandler
                0x0800051c                SPI2_IRQHandler
                0x0800051c                OTG_HS_EP1_IN_IRQHandler
                0x0800051c                MemManage_Handler
                0x0800051c                DMA1_Stream0_IRQHandler
                0x0800051c                CAN1_TX_IRQHandler
                0x0800051c                SVC_Handler
                0x0800051c                EXTI4_IRQHandler
                0x0800051c                FSMC_IRQHandler
                0x0800051c                ETH_IRQHandler
                0x0800051c                OTG_HS_EP1_OUT_IRQHandler
                0x0800051c                WWDG_IRQHandler
                0x0800051c                TIM2_IRQHandler
                0x0800051c                OTG_FS_WKUP_IRQHandler
                0x0800051c                TIM1_TRG_COM_TIM11_IRQHandler
                0x0800051c                OTG_HS_IRQHandler
                0x0800051c                EXTI1_IRQHandler
                0x0800051c                USART2_IRQHandler
                0x0800051c                I2C2_ER_IRQHandler
                0x0800051c                DMA2_Stream1_IRQHandler
                0x0800051c                CAN1_SCE_IRQHandler
                0x0800051c                DMA2_Stream4_IRQHandler
                0x0800051c                BusFault_Handler
                0x0800051c                USART1_IRQHandler
                0x0800051c                OTG_FS_IRQHandler
                0x0800051c                SPI3_IRQHandler
                0x0800051c                DMA1_Stream4_IRQHandler
                0x0800051c                I2C1_ER_IRQHandler
                0x0800051c                DMA2_Stream6_IRQHandler
                0x0800051c                DMA1_Stream3_IRQHandler
 .text._ZdlPvj  0x0800051e        0x4 /opt/st/stm32cubeide_2.1.1/plugins/com.st.stm32cube.ide.mcu.externaltools.gnu-tools-for-stm32.14.3.rel1.linux64_1.0.100.202602081740/tools/bin/../lib/gcc/arm-none-eabi/14.3.1/../../../../arm-none-eabi/lib/thumb/v7e-m+fp/hard/libstdc++_nano.a(del_ops.o)
                0x0800051e                operator delete(void*, unsigned int)
 .text._Znwj    0x08000522       0x22 /opt/st/stm32cubeide_2.1.1/plugins/com.st.stm32cube.ide.mcu.externaltools.gnu-tools-for-stm32.14.3.rel1.linux64_1.0.100.202602081740/tools/bin/../lib/gcc/arm-none-eabi/14.3.1/../../../../arm-none-eabi/lib/thumb/v7e-m+fp/hard/libstdc++_nano.a(new_op.o)
                0x08000522                operator new(unsigned int)
 .text._ZdlPv   0x08000544        0x4 /opt/st/stm32cubeide_2.1.1/plugins/com.st.stm32cube.ide.mcu.externaltools.gnu-tools-for-stm32.14.3.rel1.linux64_1.0.100.202602081740/tools/bin/../lib/gcc/arm-none-eabi/14.3.1/../../../../arm-none-eabi/lib/thumb/v7e-m+fp/hard/libstdc++_nano.a(del_op.o)
                0x08000544                operator delete(void*)
 .text._ZSt15get_new_handlerv
                0x08000548       0x10 /opt/st/stm32cubeide_2.1.1/plugins/com.st.stm32cube.ide.mcu.externaltools.gnu-tools-for-stm32.14.3.rel1.linux64_1.0.100.202602081740/tools/bin/../lib/gcc/arm-none-eabi/14.3.1/../../../../arm-none-eabi/lib/thumb/v7e-m+fp/hard/libstdc++_nano.a(new_handler.o)
                0x08000548                std::get_new_handler()
 .text.abort    0x08000558        0xe /opt/st/stm32cubeide_2.1.1/plugins/com.st.stm32cube.ide.mcu.externaltools.gnu-tools-for-stm32.14.3.rel1.linux64_1.0.100.202602081740/tools/bin/../lib/gcc/arm-none-eabi/14.3.1/../../../../arm-none-eabi/lib/thumb/v7e-m+fp/hard/libc_nano.a(libc_a-abort.o)
                0x08000558                abort
 *fill*         0x08000566        0x2 
 .text.malloc   0x08000568       0x10 /opt/st/stm32cubeide_2.1.1/plugins/com.st.stm32cube.ide.mcu.externaltools.gnu-tools-for-stm32.14.3.rel1.linux64_1.0.100.202602081740/tools/bin/../lib/gcc/arm-none-eabi/14.3.1/../../../../arm-none-eabi/lib/thumb/v7e-m+fp/hard/libc_nano.a(libc_a-malloc.o)
                0x08000568                malloc
 .text.free     0x08000578       0x10 /opt/st/stm32cubeide_2.1.1/plugins/com.st.stm32cube.ide.mcu.externaltools.gnu-tools-for-stm32.14.3.rel1.linux64_1.0.100.202602081740/tools/bin/../lib/gcc/arm-none-eabi/14.3.1/../../../../arm-none-eabi/lib/thumb/v7e-m+fp/hard/libc_nano.a(libc_a-malloc.o)
                0x08000578                free
 .text.sbrk_aligned
                0x08000588       0x44 /opt/st/stm32cubeide_2.1.1/plugins/com.st.stm32cube.ide.mcu.externaltools.gnu-tools-for-stm32.14.3.rel1.linux64_1.0.100.202602081740/tools/bin/../lib/gcc/arm-none-eabi/14.3.1/../../../../arm-none-eabi/lib/thumb/v7e-m+fp/hard/libc_nano.a(libc_a-mallocr.o)
 .text._malloc_r
                0x080005cc      0x100 /opt/st/stm32cubeide_2.1.1/plugins/com.st.stm32cube.ide.mcu.externaltools.gnu-tools-for-stm32.14.3.rel1.linux64_1.0.100.202602081740/tools/bin/../lib/gcc/arm-none-eabi/14.3.1/../../../../arm-none-eabi/lib/thumb/v7e-m+fp/hard/libc_nano.a(libc_a-mallocr.o)
                0x080005cc                _malloc_r
 .text.__malloc_lock
                0x080006cc        0xc /opt/st/stm32cubeide_2.1.1/plugins/com.st.stm32cube.ide.mcu.externaltools.gnu-tools-for-stm32.14.3.rel1.linux64_1.0.100.202602081740/tools/bin/../lib/gcc/arm-none-eabi/14.3.1/../../../../arm-none-eabi/lib/thumb/v7e-m+fp/hard/libc_nano.a(libc_a-mlock.o)
                0x080006cc                __malloc_lock
 .text.__malloc_unlock
                0x080006d8        0xc /opt/st/stm32cubeide_2.1.1/plugins/com.st.stm32cube.ide.mcu.externaltools.gnu-tools-for-stm32.14.3.rel1.linux64_1.0.100.202602081740/tools/bin/../lib/gcc/arm-none-eabi/14.3.1/../../../../arm-none-eabi/lib/thumb/v7e-m+fp/hard/libc_nano.a(libc_a-mlock.o)
                0x080006d8                __malloc_unlock
 .text._raise_r
                0x080006e4       0x50 /opt/st/stm32cubeide_2.1.1/plugins/com.st.stm32cube.ide.mcu.externaltools.gnu-tools-for-stm32.14.3.rel1.linux64_1.0.100.202602081740/tools/bin/../lib/gcc/arm-none-eabi/14.3.1/../../../../arm-none-eabi/lib/thumb/v7e-m+fp/hard/libc_nano.a(libc_a-signal.o)
                0x080006e4                _raise_r
 .text.raise    0x08000734       0x10 /opt/st/stm32cubeide_2.1.1/plugins/com.st.stm32cube.ide.mcu.externaltools.gnu-tools-for-stm32.14.3.rel1.linux64_1.0.100.202602081740/tools/bin/../lib/gcc/arm-none-eabi/14.3.1/../../../../arm-none-eabi/lib/thumb/v7e-m+fp/hard/libc_nano.a(libc_a-signal.o)
                0x08000734                raise
 .text._kill_r  0x08000744       0x24 /opt/st/stm32cubeide_2.1.1/plugins/com.st.stm32cube.ide.mcu.externaltools.gnu-tools-for-stm32.14.3.rel1.linux64_1.0.100.202602081740/tools/bin/../lib/gcc/arm-none-eabi/14.3.1/../../../../arm-none-eabi/lib/thumb/v7e-m+fp/hard/libc_nano.a(libc_a-signalr.o)
                0x08000744                _kill_r
 .text._getpid_r
                0x08000768        0x4 /opt/st/stm32cubeide_2.1.1/plugins/com.st.stm32cube.ide.mcu.externaltools.gnu-tools-for-stm32.14.3.rel1.linux64_1.0.100.202602081740/tools/bin/../lib/gcc/arm-none-eabi/14.3.1/../../../../arm-none-eabi/lib/thumb/v7e-m+fp/hard/libc_nano.a(libc_a-signalr.o)
                0x08000768                _getpid_r
 .text._sbrk_r  0x0800076c       0x20 /opt/st/stm32cubeide_2.1.1/plugins/com.st.stm32cube.ide.mcu.externaltools.gnu-tools-for-stm32.14.3.rel1.linux64_1.0.100.202602081740/tools/bin/../lib/gcc/arm-none-eabi/14.3.1/../../../../arm-none-eabi/lib/thumb/v7e-m+fp/hard/libc_nano.a(libc_a-sbrkr.o)
                0x0800076c                _sbrk_r
 .text.__errno  0x0800078c        0xc /opt/st/stm32cubeide_2.1.1/plugins/com.st.stm32cube.ide.mcu.externaltools.gnu-tools-for-stm32.14.3.rel1.linux64_1.0.100.202602081740/tools/bin/../lib/gcc/arm-none-eabi/14.3.1/../../../../arm-none-eabi/lib/thumb/v7e-m+fp/hard/libc_nano.a(libc_a-errno.o)
                0x0800078c                __errno
 .text.__libc_init_array
                0x08000798       0x48 /opt/st/stm32cubeide_2.1.1/plugins/com.st.stm32cube.ide.mcu.externaltools.gnu-tools-for-stm32.14.3.rel1.linux64_1.0.100.202602081740/tools/bin/../lib/gcc/arm-none-eabi/14.3.1/../../../../arm-none-eabi/lib/thumb/v7e-m+fp/hard/libc_nano.a(libc_a-init.o)
                0x08000798                __libc_init_array
 .text.__retarget_lock_acquire_recursive
                0x080007e0        0x2 /opt/st/stm32cubeide_2.1.1/plugins/com.st.stm32cube.ide.mcu.externaltools.gnu-tools-for-stm32.14.3.rel1.linux64_1.0.100.202602081740/tools/bin/../lib/gcc/arm-none-eabi/14.3.1/../../../../arm-none-eabi/lib/thumb/v7e-m+fp/hard/libc_nano.a(libc_a-lock.o)
                0x080007e0                __retarget_lock_acquire_recursive
 .text.__retarget_lock_release_recursive
                0x080007e2        0x2 /opt/st/stm32cubeide_2.1.1/plugins/com.st.stm32cube.ide.mcu.externaltools.gnu-tools-for-stm32.14.3.rel1.linux64_1.0.100.202602081740/tools/bin/../lib/gcc/arm-none-eabi/14.3.1/../../../../arm-none-eabi/lib/thumb/v7e-m+fp/hard/libc_nano.a(libc_a-lock.o)
                0x080007e2                __retarget_lock_release_recursive
 .text._free_r  0x080007e4       0x94 /opt/st/stm32cubeide_2.1.1/plugins/com.st.stm32cube.ide.mcu.externaltools.gnu-tools-for-stm32.14.3.rel1.linux64_1.0.100.202602081740/tools/bin/../lib/gcc/arm-none-eabi/14.3.1/../../../../arm-none-eabi/lib/thumb/v7e-m+fp/hard/libc_nano.a(libc_a-freer.o)
                0x080007e4                _free_r
 *(.glue_7)
 .glue_7        0x08000878        0x0 linker stubs
 *(.glue_7t)
 .glue_7t       0x08000878        0x0 linker stubs
 *(.eh_frame)
 .eh_frame      0x08000878        0x0 /opt/st/stm32cubeide_2.1.1/plugins/com.st.stm32cube.ide.mcu.externaltools.gnu-tools-for-stm32.14.3.rel1.linux64_1.0.100.202602081740/tools/bin/../lib/gcc/arm-none-eabi/14.3.1/thumb/v7e-m+fp/hard/crtbegin.o
 *(.init)
 .init          0x08000878        0x4 /opt/st/stm32cubeide_2.1.1/plugins/com.st.stm32cube.ide.mcu.externaltools.gnu-tools-for-stm32.14.3.rel1.linux64_1.0.100.202602081740/tools/bin/../lib/gcc/arm-none-eabi/14.3.1/thumb/v7e-m+fp/hard/crti.o
                0x08000878                _init
 .init          0x0800087c        0x8 /opt/st/stm32cubeide_2.1.1/plugins/com.st.stm32cube.ide.mcu.externaltools.gnu-tools-for-stm32.14.3.rel1.linux64_1.0.100.202602081740/tools/bin/../lib/gcc/arm-none-eabi/14.3.1/thumb/v7e-m+fp/hard/crtn.o
 *(.fini)
 .fini          0x08000884        0x4 /opt/st/stm32cubeide_2.1.1/plugins/com.st.stm32cube.ide.mcu.externaltools.gnu-tools-for-stm32.14.3.rel1.linux64_1.0.100.202602081740/tools/bin/../lib/gcc/arm-none-eabi/14.3.1/thumb/v7e-m+fp/hard/crti.o
                0x08000884                _fini
 .fini          0x08000888        0x8 /opt/st/stm32cubeide_2.1.1/plugins/com.st.stm32cube.ide.mcu.externaltools.gnu-tools-for-stm32.14.3.rel1.linux64_1.0.100.202602081740/tools/bin/../lib/gcc/arm-none-eabi/14.3.1/thumb/v7e-m+fp/hard/crtn.o
                0x08000890                        . = ALIGN (0x4)
                0x08000890                        _etext = .

.vfp11_veneer   0x08000890        0x0
 .vfp11_veneer  0x08000890        0x0 linker stubs

.v4_bx          0x08000890        0x0
 .v4_bx         0x08000890        0x0 linker stubs

.iplt           0x08000890        0x0
 .iplt          0x08000890        0x0 /opt/st/stm32cubeide_2.1.1/plugins/com.st.stm32cube.ide.mcu.externaltools.gnu-tools-for-stm32.14.3.rel1.linux64_1.0.100.202602081740/tools/bin/../lib/gcc/arm-none-eabi/14.3.1/thumb/v7e-m+fp/hard/crtbegin.o

.rodata         0x08000890        0x0
                0x08000890                        . = ALIGN (0x4)
 *(.rodata)
 *(.rodata*)
                0x08000890                        . = ALIGN (0x4)

.ARM.extab      0x08000890        0x0
                0x08000890                        . = ALIGN (0x4)
 *(.ARM.extab* .gnu.linkonce.armextab.*)
                0x08000890                        . = ALIGN (0x4)

.ARM            0x08000890        0x0
                0x08000890                        . = ALIGN (0x4)
                0x08000890                        __exidx_start = .
 *(.ARM.exidx*)
                0x08000890                        __exidx_end = .
                0x08000890                        . = ALIGN (0x4)

.preinit_array  0x08000890        0x0
                0x08000890                        . = ALIGN (0x4)
                0x08000890                        PROVIDE (__preinit_array_start = .)
 *(.preinit_array*)
                0x08000890                        PROVIDE (__preinit_array_end = .)
                0x08000890                        . = ALIGN (0x4)

.init_array     0x08000890        0x4
                0x08000890                        . = ALIGN (0x4)
                0x08000890                        PROVIDE (__init_array_start = .)
 *(SORT_BY_NAME(.init_array.*))
 *(.init_array*)
 .init_array    0x08000890        0x4 /opt/st/stm32cubeide_2.1.1/plugins/com.st.stm32cube.ide.mcu.externaltools.gnu-tools-for-stm32.14.3.rel1.linux64_1.0.100.202602081740/tools/bin/../lib/gcc/arm-none-eabi/14.3.1/thumb/v7e-m+fp/hard/crtbegin.o
                0x08000894                        PROVIDE (__init_array_end = .)
                0x08000894                        . = ALIGN (0x4)

.fini_array     0x08000894        0x4
                0x08000894                        . = ALIGN (0x4)
                [!provide]                        PROVIDE (__fini_array_start = .)
 *(SORT_BY_NAME(.fini_array.*))
 *(.fini_array*)
 .fini_array    0x08000894        0x4 /opt/st/stm32cubeide_2.1.1/plugins/com.st.stm32cube.ide.mcu.externaltools.gnu-tools-for-stm32.14.3.rel1.linux64_1.0.100.202602081740/tools/bin/../lib/gcc/arm-none-eabi/14.3.1/thumb/v7e-m+fp/hard/crtbegin.o
                [!provide]                        PROVIDE (__fini_array_end = .)
                0x08000898                        . = ALIGN (0x4)
                0x08000898                        _sidata = LOADADDR (.data)

.rel.dyn        0x08000898        0x0
 .rel.iplt      0x08000898        0x0 /opt/st/stm32cubeide_2.1.1/plugins/com.st.stm32cube.ide.mcu.externaltools.gnu-tools-for-stm32.14.3.rel1.linux64_1.0.100.202602081740/tools/bin/../lib/gcc/arm-none-eabi/14.3.1/thumb/v7e-m+fp/hard/crtbegin.o

.data           0x20000000       0x50 load address 0x08000898
                0x20000000                        . = ALIGN (0x4)
                0x20000000                        _sdata = .
 *(.data)
 *(.data*)
 .data._impure_ptr
                0x20000000        0x4 /opt/st/stm32cubeide_2.1.1/plugins/com.st.stm32cube.ide.mcu.externaltools.gnu-tools-for-stm32.14.3.rel1.linux64_1.0.100.202602081740/tools/bin/../lib/gcc/arm-none-eabi/14.3.1/../../../../arm-none-eabi/lib/thumb/v7e-m+fp/hard/libc_nano.a(libc_a-impure.o)
                0x20000000                _impure_ptr
 .data._impure_data
                0x20000004       0x4c /opt/st/stm32cubeide_2.1.1/plugins/com.st.stm32cube.ide.mcu.externaltools.gnu-tools-for-stm32.14.3.rel1.linux64_1.0.100.202602081740/tools/bin/../lib/gcc/arm-none-eabi/14.3.1/../../../../arm-none-eabi/lib/thumb/v7e-m+fp/hard/libc_nano.a(libc_a-impure.o)
                0x20000004                _impure_data
 *(.RamFunc)
 *(.RamFunc*)
                0x20000050                        . = ALIGN (0x4)
                0x20000050                        _edata = .
                0x080008e8                        _siccmram = LOADADDR (.ccmram)

.igot.plt       0x20000050        0x0 load address 0x080008e8
 .igot.plt      0x20000050        0x0 /opt/st/stm32cubeide_2.1.1/plugins/com.st.stm32cube.ide.mcu.externaltools.gnu-tools-for-stm32.14.3.rel1.linux64_1.0.100.202602081740/tools/bin/../lib/gcc/arm-none-eabi/14.3.1/thumb/v7e-m+fp/hard/crtbegin.o

.ccmram         0x10000000        0x0 load address 0x080008e8
                0x10000000                        . = ALIGN (0x4)
                0x10000000                        _sccmram = .
 *(.ccmram)
 *(.ccmram*)
                0x10000000                        . = ALIGN (0x4)
                0x10000000                        _eccmram = .
                0x10000000                        . = ALIGN (0x4)

.bss            0x20000050      0x16c
                0x20000050                        _sbss = .
                0x20000050                        __bss_start__ = _sbss
 *(.bss)
 .bss           0x20000050       0x1c /opt/st/stm32cubeide_2.1.1/plugins/com.st.stm32cube.ide.mcu.externaltools.gnu-tools-for-stm32.14.3.rel1.linux64_1.0.100.202602081740/tools/bin/../lib/gcc/arm-none-eabi/14.3.1/thumb/v7e-m+fp/hard/crtbegin.o
 *(.bss*)
 .bss.__sbrk_heap_end
                0x2000006c        0x4 ./Src/sysmem.o
 .bss._ZN12_GLOBAL__N_113__new_handlerE
                0x20000070        0x4 /opt/st/stm32cubeide_2.1.1/plugins/com.st.stm32cube.ide.mcu.externaltools.gnu-tools-for-stm32.14.3.rel1.linux64_1.0.100.202602081740/tools/bin/../lib/gcc/arm-none-eabi/14.3.1/../../../../arm-none-eabi/lib/thumb/v7e-m+fp/hard/libstdc++_nano.a(new_handler.o)
 .bss.__malloc_sbrk_start
                0x20000074        0x4 /opt/st/stm32cubeide_2.1.1/plugins/com.st.stm32cube.ide.mcu.externaltools.gnu-tools-for-stm32.14.3.rel1.linux64_1.0.100.202602081740/tools/bin/../lib/gcc/arm-none-eabi/14.3.1/../../../../arm-none-eabi/lib/thumb/v7e-m+fp/hard/libc_nano.a(libc_a-mallocr.o)
                0x20000074                __malloc_sbrk_start
 .bss.__malloc_free_list
                0x20000078        0x4 /opt/st/stm32cubeide_2.1.1/plugins/com.st.stm32cube.ide.mcu.externaltools.gnu-tools-for-stm32.14.3.rel1.linux64_1.0.100.202602081740/tools/bin/../lib/gcc/arm-none-eabi/14.3.1/../../../../arm-none-eabi/lib/thumb/v7e-m+fp/hard/libc_nano.a(libc_a-mallocr.o)
                0x20000078                __malloc_free_list
 .bss.__sf      0x2000007c      0x138 /opt/st/stm32cubeide_2.1.1/plugins/com.st.stm32cube.ide.mcu.externaltools.gnu-tools-for-stm32.14.3.rel1.linux64_1.0.100.202602081740/tools/bin/../lib/gcc/arm-none-eabi/14.3.1/../../../../arm-none-eabi/lib/thumb/v7e-m+fp/hard/libc_nano.a(libc_a-findfp.o)
                0x2000007c                __sf
 .bss.errno     0x200001b4        0x4 /opt/st/stm32cubeide_2.1.1/plugins/com.st.stm32cube.ide.mcu.externaltools.gnu-tools-for-stm32.14.3.rel1.linux64_1.0.100.202602081740/tools/bin/../lib/gcc/arm-none-eabi/14.3.1/../../../../arm-none-eabi/lib/thumb/v7e-m+fp/hard/libc_nano.a(libc_a-reent.o)
                0x200001b4                errno
 .bss.__lock___malloc_recursive_mutex
                0x200001b8        0x1 /opt/st/stm32cubeide_2.1.1/plugins/com.st.stm32cube.ide.mcu.externaltools.gnu-tools-for-stm32.14.3.rel1.linux64_1.0.100.202602081740/tools/bin/../lib/gcc/arm-none-eabi/14.3.1/../../../../arm-none-eabi/lib/thumb/v7e-m+fp/hard/libc_nano.a(libc_a-lock.o)
                0x200001b8                __lock___malloc_recursive_mutex
 *(COMMON)
                0x200001bc                        . = ALIGN (0x4)
 *fill*         0x200001b9        0x3 
                0x200001bc                        _ebss = .
                0x200001bc                        __bss_end__ = _ebss

._user_heap_stack
                0x200001bc      0x604
                0x200001c0                        . = ALIGN (0x8)
 *fill*         0x200001bc        0x4 
                [!provide]                        PROVIDE (end = .)
                0x200001c0                        PROVIDE (_end = .)
                0x200003c0                        . = (. + _Min_Heap_Size)
 *fill*         0x200001c0      0x200 
                0x200007c0                        . = (. + _Min_Stack_Size)
 *fill*         0x200003c0      0x400 
                0x200007c0                        . = ALIGN (0x8)

/DISCARD/
 libc.a(*)
 libm.a(*)
 libgcc.a(*)

.ARM.attributes
                0x00000000       0x30
 *(.ARM.attributes)
 .ARM.attributes
                0x00000000       0x22 /opt/st/stm32cubeide_2.1.1/plugins/com.st.stm32cube.ide.mcu.externaltools.gnu-tools-for-stm32.14.3.rel1.linux64_1.0.100.202602081740/tools/bin/../lib/gcc/arm-none-eabi/14.3.1/thumb/v7e-m+fp/hard/crti.o
 .ARM.attributes
                0x00000022       0x34 /opt/st/stm32cubeide_2.1.1/plugins/com.st.stm32cube.ide.mcu.externaltools.gnu-tools-for-stm32.14.3.rel1.linux64_1.0.100.202602081740/tools/bin/../lib/gcc/arm-none-eabi/14.3.1/thumb/v7e-m+fp/hard/crtbegin.o
 .ARM.attributes
                0x00000056       0x34 ./Src/dynamic_led_pin.o
 .ARM.attributes
                0x0000008a       0x34 ./Src/syscalls.o
 .ARM.attributes
                0x000000be       0x34 ./Src/sysmem.o
 .ARM.attributes
                0x000000f2       0x21 ./Startup/startup_stm32f407vgtx.o
 .ARM.attributes
                0x00000113       0x34 /opt/st/stm32cubeide_2.1.1/plugins/com.st.stm32cube.ide.mcu.externaltools.gnu-tools-for-stm32.14.3.rel1.linux64_1.0.100.202602081740/tools/bin/../lib/gcc/arm-none-eabi/14.3.1/../../../../arm-none-eabi/lib/thumb/v7e-m+fp/hard/libstdc++_nano.a(del_ops.o)
 .ARM.attributes
                0x00000147       0x34 /opt/st/stm32cubeide_2.1.1/plugins/com.st.stm32cube.ide.mcu.externaltools.gnu-tools-for-stm32.14.3.rel1.linux64_1.0.100.202602081740/tools/bin/../lib/gcc/arm-none-eabi/14.3.1/../../../../arm-none-eabi/lib/thumb/v7e-m+fp/hard/libstdc++_nano.a(new_op.o)
 .ARM.attributes
                0x0000017b       0x34 /opt/st/stm32cubeide_2.1.1/plugins/com.st.stm32cube.ide.mcu.externaltools.gnu-tools-for-stm32.14.3.rel1.linux64_1.0.100.202602081740/tools/bin/../lib/gcc/arm-none-eabi/14.3.1/../../../../arm-none-eabi/lib/thumb/v7e-m+fp/hard/libstdc++_nano.a(del_op.o)
 .ARM.attributes
                0x000001af       0x34 /opt/st/stm32cubeide_2.1.1/plugins/com.st.stm32cube.ide.mcu.externaltools.gnu-tools-for-stm32.14.3.rel1.linux64_1.0.100.202602081740/tools/bin/../lib/gcc/arm-none-eabi/14.3.1/../../../../arm-none-eabi/lib/thumb/v7e-m+fp/hard/libstdc++_nano.a(new_handler.o)
 .ARM.attributes
                0x000001e3       0x34 /opt/st/stm32cubeide_2.1.1/plugins/com.st.stm32cube.ide.mcu.externaltools.gnu-tools-for-stm32.14.3.rel1.linux64_1.0.100.202602081740/tools/bin/../lib/gcc/arm-none-eabi/14.3.1/../../../../arm-none-eabi/lib/thumb/v7e-m+fp/hard/libc_nano.a(libc_a-abort.o)
 .ARM.attributes
                0x00000217       0x34 /opt/st/stm32cubeide_2.1.1/plugins/com.st.stm32cube.ide.mcu.externaltools.gnu-tools-for-stm32.14.3.rel1.linux64_1.0.100.202602081740/tools/bin/../lib/gcc/arm-none-eabi/14.3.1/../../../../arm-none-eabi/lib/thumb/v7e-m+fp/hard/libc_nano.a(libc_a-malloc.o)
 .ARM.attributes
                0x0000024b       0x34 /opt/st/stm32cubeide_2.1.1/plugins/com.st.stm32cube.ide.mcu.externaltools.gnu-tools-for-stm32.14.3.rel1.linux64_1.0.100.202602081740/tools/bin/../lib/gcc/arm-none-eabi/14.3.1/../../../../arm-none-eabi/lib/thumb/v7e-m+fp/hard/libc_nano.a(libc_a-mallocr.o)
 .ARM.attributes
                0x0000027f       0x34 /opt/st/stm32cubeide_2.1.1/plugins/com.st.stm32cube.ide.mcu.externaltools.gnu-tools-for-stm32.14.3.rel1.linux64_1.0.100.202602081740/tools/bin/../lib/gcc/arm-none-eabi/14.3.1/../../../../arm-none-eabi/lib/thumb/v7e-m+fp/hard/libc_nano.a(libc_a-mlock.o)
 .ARM.attributes
                0x000002b3       0x34 /opt/st/stm32cubeide_2.1.1/plugins/com.st.stm32cube.ide.mcu.externaltools.gnu-tools-for-stm32.14.3.rel1.linux64_1.0.100.202602081740/tools/bin/../lib/gcc/arm-none-eabi/14.3.1/../../../../arm-none-eabi/lib/thumb/v7e-m+fp/hard/libc_nano.a(libc_a-findfp.o)
 .ARM.attributes
                0x000002e7       0x34 /opt/st/stm32cubeide_2.1.1/plugins/com.st.stm32cube.ide.mcu.externaltools.gnu-tools-for-stm32.14.3.rel1.linux64_1.0.100.202602081740/tools/bin/../lib/gcc/arm-none-eabi/14.3.1/../../../../arm-none-eabi/lib/thumb/v7e-m+fp/hard/libc_nano.a(libc_a-signal.o)
 .ARM.attributes
                0x0000031b       0x34 /opt/st/stm32cubeide_2.1.1/plugins/com.st.stm32cube.ide.mcu.externaltools.gnu-tools-for-stm32.14.3.rel1.linux64_1.0.100.202602081740/tools/bin/../lib/gcc/arm-none-eabi/14.3.1/../../../../arm-none-eabi/lib/thumb/v7e-m+fp/hard/libc_nano.a(libc_a-reent.o)
 .ARM.attributes
                0x0000034f       0x34 /opt/st/stm32cubeide_2.1.1/plugins/com.st.stm32cube.ide.mcu.externaltools.gnu-tools-for-stm32.14.3.rel1.linux64_1.0.100.202602081740/tools/bin/../lib/gcc/arm-none-eabi/14.3.1/../../../../arm-none-eabi/lib/thumb/v7e-m+fp/hard/libc_nano.a(libc_a-impure.o)
 .ARM.attributes
                0x00000383       0x34 /opt/st/stm32cubeide_2.1.1/plugins/com.st.stm32cube.ide.mcu.externaltools.gnu-tools-for-stm32.14.3.rel1.linux64_1.0.100.202602081740/tools/bin/../lib/gcc/arm-none-eabi/14.3.1/../../../../arm-none-eabi/lib/thumb/v7e-m+fp/hard/libc_nano.a(libc_a-signalr.o)
 .ARM.attributes
                0x000003b7       0x34 /opt/st/stm32cubeide_2.1.1/plugins/com.st.stm32cube.ide.mcu.externaltools.gnu-tools-for-stm32.14.3.rel1.linux64_1.0.100.202602081740/tools/bin/../lib/gcc/arm-none-eabi/14.3.1/../../../../arm-none-eabi/lib/thumb/v7e-m+fp/hard/libc_nano.a(libc_a-sbrkr.o)
 .ARM.attributes
                0x000003eb       0x34 /opt/st/stm32cubeide_2.1.1/plugins/com.st.stm32cube.ide.mcu.externaltools.gnu-tools-for-stm32.14.3.rel1.linux64_1.0.100.202602081740/tools/bin/../lib/gcc/arm-none-eabi/14.3.1/../../../../arm-none-eabi/lib/thumb/v7e-m+fp/hard/libc_nano.a(libc_a-errno.o)
 .ARM.attributes
                0x0000041f       0x34 /opt/st/stm32cubeide_2.1.1/plugins/com.st.stm32cube.ide.mcu.externaltools.gnu-tools-for-stm32.14.3.rel1.linux64_1.0.100.202602081740/tools/bin/../lib/gcc/arm-none-eabi/14.3.1/../../../../arm-none-eabi/lib/thumb/v7e-m+fp/hard/libc_nano.a(libc_a-init.o)
 .ARM.attributes
                0x00000453       0x34 /opt/st/stm32cubeide_2.1.1/plugins/com.st.stm32cube.ide.mcu.externaltools.gnu-tools-for-stm32.14.3.rel1.linux64_1.0.100.202602081740/tools/bin/../lib/gcc/arm-none-eabi/14.3.1/../../../../arm-none-eabi/lib/thumb/v7e-m+fp/hard/libc_nano.a(libc_a-lock.o)
 .ARM.attributes
                0x00000487       0x34 /opt/st/stm32cubeide_2.1.1/plugins/com.st.stm32cube.ide.mcu.externaltools.gnu-tools-for-stm32.14.3.rel1.linux64_1.0.100.202602081740/tools/bin/../lib/gcc/arm-none-eabi/14.3.1/../../../../arm-none-eabi/lib/thumb/v7e-m+fp/hard/libc_nano.a(libc_a-freer.o)
 .ARM.attributes
                0x000004bb       0x22 /opt/st/stm32cubeide_2.1.1/plugins/com.st.stm32cube.ide.mcu.externaltools.gnu-tools-for-stm32.14.3.rel1.linux64_1.0.100.202602081740/tools/bin/../lib/gcc/arm-none-eabi/14.3.1/thumb/v7e-m+fp/hard/crtn.o
OUTPUT(led_dynamic_asn3.elf elf32-littlearm)
LOAD linker stubs
LOAD /opt/st/stm32cubeide_2.1.1/plugins/com.st.stm32cube.ide.mcu.externaltools.gnu-tools-for-stm32.14.3.rel1.linux64_1.0.100.202602081740/tools/bin/../lib/gcc/arm-none-eabi/14.3.1/../../../../arm-none-eabi/lib/thumb/v7e-m+fp/hard/libc.a
LOAD /opt/st/stm32cubeide_2.1.1/plugins/com.st.stm32cube.ide.mcu.externaltools.gnu-tools-for-stm32.14.3.rel1.linux64_1.0.100.202602081740/tools/bin/../lib/gcc/arm-none-eabi/14.3.1/../../../../arm-none-eabi/lib/thumb/v7e-m+fp/hard/libm.a
LOAD /opt/st/stm32cubeide_2.1.1/plugins/com.st.stm32cube.ide.mcu.externaltools.gnu-tools-for-stm32.14.3.rel1.linux64_1.0.100.202602081740/tools/bin/../lib/gcc/arm-none-eabi/14.3.1/thumb/v7e-m+fp/hard/libgcc.a

.debug_info     0x00000000     0x5738
 .debug_info    0x00000000     0x4efd ./Src/dynamic_led_pin.o
 .debug_info    0x00004efd      0x6a3 ./Src/syscalls.o
 .debug_info    0x000055a0      0x168 ./Src/sysmem.o
 .debug_info    0x00005708       0x30 ./Startup/startup_stm32f407vgtx.o

.debug_abbrev   0x00000000      0xaab
 .debug_abbrev  0x00000000      0x815 ./Src/dynamic_led_pin.o
 .debug_abbrev  0x00000815      0x1b6 ./Src/syscalls.o
 .debug_abbrev  0x000009cb       0xbc ./Src/sysmem.o
 .debug_abbrev  0x00000a87       0x24 ./Startup/startup_stm32f407vgtx.o

.debug_aranges  0x00000000      0x170
 .debug_aranges
                0x00000000       0x80 ./Src/dynamic_led_pin.o
 .debug_aranges
                0x00000080       0xa8 ./Src/syscalls.o
 .debug_aranges
                0x00000128       0x20 ./Src/sysmem.o
 .debug_aranges
                0x00000148       0x28 ./Startup/startup_stm32f407vgtx.o

.debug_rnglists
                0x00000000      0x100
 .debug_rnglists
                0x00000000       0x5b ./Src/dynamic_led_pin.o
 .debug_rnglists
                0x0000005b       0x79 ./Src/syscalls.o
 .debug_rnglists
                0x000000d4       0x13 ./Src/sysmem.o
 .debug_rnglists
                0x000000e7       0x19 ./Startup/startup_stm32f407vgtx.o

.debug_macro    0x00000000    0x1ba0b
 .debug_macro   0x00000000      0x68a ./Src/dynamic_led_pin.o
 .debug_macro   0x0000068a      0xbbc ./Src/dynamic_led_pin.o
 .debug_macro   0x00001246      0x1f2 ./Src/dynamic_led_pin.o
 .debug_macro   0x00001438       0x10 ./Src/dynamic_led_pin.o
 .debug_macro   0x00001448      0x4fe ./Src/dynamic_led_pin.o
 .debug_macro   0x00001946       0x1c ./Src/dynamic_led_pin.o
 .debug_macro   0x00001962       0x22 ./Src/dynamic_led_pin.o
 .debug_macro   0x00001984       0x8e ./Src/dynamic_led_pin.o
 .debug_macro   0x00001a12       0x51 ./Src/dynamic_led_pin.o
 .debug_macro   0x00001a63      0x103 ./Src/dynamic_led_pin.o
 .debug_macro   0x00001b66       0x6a ./Src/dynamic_led_pin.o
 .debug_macro   0x00001bd0      0x1df ./Src/dynamic_led_pin.o
 .debug_macro   0x00001daf       0x61 ./Src/dynamic_led_pin.o
 .debug_macro   0x00001e10       0x2a ./Src/dynamic_led_pin.o
 .debug_macro   0x00001e3a       0x43 ./Src/dynamic_led_pin.o
 .debug_macro   0x00001e7d       0x34 ./Src/dynamic_led_pin.o
 .debug_macro   0x00001eb1      0x197 ./Src/dynamic_led_pin.o
 .debug_macro   0x00002048      0x380 ./Src/dynamic_led_pin.o
 .debug_macro   0x000023c8       0x16 ./Src/dynamic_led_pin.o
 .debug_macro   0x000023de       0x4a ./Src/dynamic_led_pin.o
 .debug_macro   0x00002428       0x34 ./Src/dynamic_led_pin.o
 .debug_macro   0x0000245c       0x10 ./Src/dynamic_led_pin.o
 .debug_macro   0x0000246c       0x58 ./Src/dynamic_led_pin.o
 .debug_macro   0x000024c4       0x8e ./Src/dynamic_led_pin.o
 .debug_macro   0x00002552       0x16 ./Src/dynamic_led_pin.o
 .debug_macro   0x00002568      0x17e ./Src/dynamic_led_pin.o
 .debug_macro   0x000026e6       0x1c ./Src/dynamic_led_pin.o
 .debug_macro   0x00002702       0x43 ./Src/dynamic_led_pin.o
 .debug_macro   0x00002745       0x10 ./Src/dynamic_led_pin.o
 .debug_macro   0x00002755       0x10 ./Src/dynamic_led_pin.o
 .debug_macro   0x00002765       0x33 ./Src/dynamic_led_pin.o
 .debug_macro   0x00002798      0x173 ./Src/dynamic_led_pin.o
 .debug_macro   0x0000290b      0x5eb ./Src/dynamic_led_pin.o
 .debug_macro   0x00002ef6       0x1c ./Src/dynamic_led_pin.o
 .debug_macro   0x00002f12       0x10 ./Src/dynamic_led_pin.o
 .debug_macro   0x00002f22      0x5df ./Src/dynamic_led_pin.o
 .debug_macro   0x00003501       0x1c ./Src/dynamic_led_pin.o
 .debug_macro   0x0000351d       0x94 ./Src/dynamic_led_pin.o
 .debug_macro   0x000035b1      0x60d ./Src/dynamic_led_pin.o
 .debug_macro   0x00003bbe       0x19 ./Src/dynamic_led_pin.o
 .debug_macro   0x00003bd7       0x11 ./Src/dynamic_led_pin.o
 .debug_macro   0x00003be8       0x10 ./Src/dynamic_led_pin.o
 .debug_macro   0x00003bf8       0x3c ./Src/dynamic_led_pin.o
 .debug_macro   0x00003c34       0x5e ./Src/dynamic_led_pin.o
 .debug_macro   0x00003c92       0x16 ./Src/dynamic_led_pin.o
 .debug_macro   0x00003ca8       0x52 ./Src/dynamic_led_pin.o
 .debug_macro   0x00003cfa       0x5e ./Src/dynamic_led_pin.o
 .debug_macro   0x00003d58       0x11 ./Src/dynamic_led_pin.o
 .debug_macro   0x00003d69       0x2f ./Src/dynamic_led_pin.o
 .debug_macro   0x00003d98       0x16 ./Src/dynamic_led_pin.o
 .debug_macro   0x00003dae       0x2c ./Src/dynamic_led_pin.o
 .debug_macro   0x00003dda      0x5b1 ./Src/dynamic_led_pin.o
 .debug_macro   0x0000438b       0x12 ./Src/dynamic_led_pin.o
 .debug_macro   0x0000439d       0x28 ./Src/dynamic_led_pin.o
 .debug_macro   0x000043c5       0x2e ./Src/dynamic_led_pin.o
 .debug_macro   0x000043f3       0x12 ./Src/dynamic_led_pin.o
 .debug_macro   0x00004405       0x4f ./Src/dynamic_led_pin.o
 .debug_macro   0x00004454       0x20 ./Src/dynamic_led_pin.o
 .debug_macro   0x00004474       0x88 ./Src/dynamic_led_pin.o
 .debug_macro   0x000044fc       0x10 ./Src/dynamic_led_pin.o
 .debug_macro   0x0000450c       0x22 ./Src/dynamic_led_pin.o
 .debug_macro   0x0000452e       0x12 ./Src/dynamic_led_pin.o
 .debug_macro   0x00004540       0x1c ./Src/dynamic_led_pin.o
 .debug_macro   0x0000455c       0x10 ./Src/dynamic_led_pin.o
 .debug_macro   0x0000456c       0x16 ./Src/dynamic_led_pin.o
 .debug_macro   0x00004582       0x16 ./Src/dynamic_led_pin.o
 .debug_macro   0x00004598       0x29 ./Src/dynamic_led_pin.o
 .debug_macro   0x000045c1       0x1c ./Src/dynamic_led_pin.o
 .debug_macro   0x000045dd       0xde ./Src/dynamic_led_pin.o
 .debug_macro   0x000046bb       0x1c ./Src/dynamic_led_pin.o
 .debug_macro   0x000046d7       0x10 ./Src/dynamic_led_pin.o
 .debug_macro   0x000046e7       0x16 ./Src/dynamic_led_pin.o
 .debug_macro   0x000046fd      0x131 ./Src/dynamic_led_pin.o
 .debug_macro   0x0000482e      0x11d ./Src/dynamic_led_pin.o
 .debug_macro   0x0000494b       0x10 ./Src/dynamic_led_pin.o
 .debug_macro   0x0000495b      0x242 ./Src/dynamic_led_pin.o
 .debug_macro   0x00004b9d       0x17 ./Src/dynamic_led_pin.o
 .debug_macro   0x00004bb4       0x12 ./Src/dynamic_led_pin.o
 .debug_macro   0x00004bc6       0x18 ./Src/dynamic_led_pin.o
 .debug_macro   0x00004bde       0x34 ./Src/dynamic_led_pin.o
 .debug_macro   0x00004c12      0x5be ./Src/dynamic_led_pin.o
 .debug_macro   0x000051d0       0x17 ./Src/dynamic_led_pin.o
 .debug_macro   0x000051e7       0x17 ./Src/dynamic_led_pin.o
 .debug_macro   0x000051fe       0x10 ./Src/dynamic_led_pin.o
 .debug_macro   0x0000520e       0x10 ./Src/dynamic_led_pin.o
 .debug_macro   0x0000521e       0x76 ./Src/dynamic_led_pin.o
 .debug_macro   0x00005294       0x1c ./Src/dynamic_led_pin.o
 .debug_macro   0x000052b0      0x5a4 ./Src/dynamic_led_pin.o
 .debug_macro   0x00005854    0x14282 ./Src/dynamic_led_pin.o
 .debug_macro   0x00019ad6      0x274 ./Src/syscalls.o
 .debug_macro   0x00019d4a      0xae4 ./Src/syscalls.o
 .debug_macro   0x0001a82e       0x5b ./Src/syscalls.o
 .debug_macro   0x0001a889       0x94 ./Src/syscalls.o
 .debug_macro   0x0001a91d       0x34 ./Src/syscalls.o
 .debug_macro   0x0001a951       0x57 ./Src/syscalls.o
 .debug_macro   0x0001a9a8      0x190 ./Src/syscalls.o
 .debug_macro   0x0001ab38      0x364 ./Src/syscalls.o
 .debug_macro   0x0001ae9c       0x4a ./Src/syscalls.o
 .debug_macro   0x0001aee6       0x1c ./Src/syscalls.o
 .debug_macro   0x0001af02       0x10 ./Src/syscalls.o
 .debug_macro   0x0001af12       0x3c ./Src/syscalls.o
 .debug_macro   0x0001af4e       0x10 ./Src/syscalls.o
 .debug_macro   0x0001af5e       0x10 ./Src/syscalls.o
 .debug_macro   0x0001af6e       0x10 ./Src/syscalls.o
 .debug_macro   0x0001af7e       0x1c ./Src/syscalls.o
 .debug_macro   0x0001af9a       0x52 ./Src/syscalls.o
 .debug_macro   0x0001afec       0x22 ./Src/syscalls.o
 .debug_macro   0x0001b00e       0x10 ./Src/syscalls.o
 .debug_macro   0x0001b01e       0x52 ./Src/syscalls.o
 .debug_macro   0x0001b070       0xcf ./Src/syscalls.o
 .debug_macro   0x0001b13f       0x1c ./Src/syscalls.o
 .debug_macro   0x0001b15b       0x3d ./Src/syscalls.o
 .debug_macro   0x0001b198       0x35 ./Src/syscalls.o
 .debug_macro   0x0001b1cd      0x12c ./Src/syscalls.o
 .debug_macro   0x0001b2f9       0x10 ./Src/syscalls.o
 .debug_macro   0x0001b309      0x146 ./Src/syscalls.o
 .debug_macro   0x0001b44f      0x18a ./Src/syscalls.o
 .debug_macro   0x0001b5d9       0x16 ./Src/syscalls.o
 .debug_macro   0x0001b5ef       0xce ./Src/syscalls.o
 .debug_macro   0x0001b6bd      0x112 ./Src/sysmem.o
 .debug_macro   0x0001b7cf      0x23c ./Src/sysmem.o

.debug_line     0x00000000     0x1e56
 .debug_line    0x00000000     0x113d ./Src/dynamic_led_pin.o
 .debug_line    0x0000113d      0x7e1 ./Src/syscalls.o
 .debug_line    0x0000191e      0x4bd ./Src/sysmem.o
 .debug_line    0x00001ddb       0x7b ./Startup/startup_stm32f407vgtx.o

.debug_str      0x00000000    0x887af
 .debug_str     0x00000000    0x887af ./Src/dynamic_led_pin.o
                              0x86f7a (size before relaxing)
 .debug_str     0x000887af     0x996d ./Src/syscalls.o
 .debug_str     0x000887af     0x7717 ./Src/sysmem.o
 .debug_str     0x000887af       0x79 ./Startup/startup_stm32f407vgtx.o

.comment        0x00000000       0x43
 .comment       0x00000000       0x43 ./Src/dynamic_led_pin.o
                                 0x44 (size before relaxing)
 .comment       0x00000043       0x44 ./Src/syscalls.o
 .comment       0x00000043       0x44 ./Src/sysmem.o

.debug_frame    0x00000000      0x9e4
 .debug_frame   0x00000000      0x1d4 ./Src/dynamic_led_pin.o
 .debug_frame   0x000001d4      0x288 ./Src/syscalls.o
 .debug_frame   0x0000045c       0x34 ./Src/sysmem.o
 .debug_frame   0x00000490       0x20 /opt/st/stm32cubeide_2.1.1/plugins/com.st.stm32cube.ide.mcu.externaltools.gnu-tools-for-stm32.14.3.rel1.linux64_1.0.100.202602081740/tools/bin/../lib/gcc/arm-none-eabi/14.3.1/../../../../arm-none-eabi/lib/thumb/v7e-m+fp/hard/libstdc++_nano.a(del_ops.o)
 .debug_frame   0x000004b0       0x28 /opt/st/stm32cubeide_2.1.1/plugins/com.st.stm32cube.ide.mcu.externaltools.gnu-tools-for-stm32.14.3.rel1.linux64_1.0.100.202602081740/tools/bin/../lib/gcc/arm-none-eabi/14.3.1/../../../../arm-none-eabi/lib/thumb/v7e-m+fp/hard/libstdc++_nano.a(new_op.o)
 .debug_frame   0x000004d8       0x20 /opt/st/stm32cubeide_2.1.1/plugins/com.st.stm32cube.ide.mcu.externaltools.gnu-tools-for-stm32.14.3.rel1.linux64_1.0.100.202602081740/tools/bin/../lib/gcc/arm-none-eabi/14.3.1/../../../../arm-none-eabi/lib/thumb/v7e-m+fp/hard/libstdc++_nano.a(del_op.o)
 .debug_frame   0x000004f8       0x30 /opt/st/stm32cubeide_2.1.1/plugins/com.st.stm32cube.ide.mcu.externaltools.gnu-tools-for-stm32.14.3.rel1.linux64_1.0.100.202602081740/tools/bin/../lib/gcc/arm-none-eabi/14.3.1/../../../../arm-none-eabi/lib/thumb/v7e-m+fp/hard/libstdc++_nano.a(new_handler.o)
 .debug_frame   0x00000528       0x28 /opt/st/stm32cubeide_2.1.1/plugins/com.st.stm32cube.ide.mcu.externaltools.gnu-tools-for-stm32.14.3.rel1.linux64_1.0.100.202602081740/tools/bin/../lib/gcc/arm-none-eabi/14.3.1/../../../../arm-none-eabi/lib/thumb/v7e-m+fp/hard/libc_nano.a(libc_a-abort.o)
 .debug_frame   0x00000550       0x30 /opt/st/stm32cubeide_2.1.1/plugins/com.st.stm32cube.ide.mcu.externaltools.gnu-tools-for-stm32.14.3.rel1.linux64_1.0.100.202602081740/tools/bin/../lib/gcc/arm-none-eabi/14.3.1/../../../../arm-none-eabi/lib/thumb/v7e-m+fp/hard/libc_nano.a(libc_a-malloc.o)
 .debug_frame   0x00000580       0x50 /opt/st/stm32cubeide_2.1.1/plugins/com.st.stm32cube.ide.mcu.externaltools.gnu-tools-for-stm32.14.3.rel1.linux64_1.0.100.202602081740/tools/bin/../lib/gcc/arm-none-eabi/14.3.1/../../../../arm-none-eabi/lib/thumb/v7e-m+fp/hard/libc_nano.a(libc_a-mallocr.o)
 .debug_frame   0x000005d0       0x30 /opt/st/stm32cubeide_2.1.1/plugins/com.st.stm32cube.ide.mcu.externaltools.gnu-tools-for-stm32.14.3.rel1.linux64_1.0.100.202602081740/tools/bin/../lib/gcc/arm-none-eabi/14.3.1/../../../../arm-none-eabi/lib/thumb/v7e-m+fp/hard/libc_nano.a(libc_a-mlock.o)
 .debug_frame   0x00000600      0x144 /opt/st/stm32cubeide_2.1.1/plugins/com.st.stm32cube.ide.mcu.externaltools.gnu-tools-for-stm32.14.3.rel1.linux64_1.0.100.202602081740/tools/bin/../lib/gcc/arm-none-eabi/14.3.1/../../../../arm-none-eabi/lib/thumb/v7e-m+fp/hard/libc_nano.a(libc_a-findfp.o)
 .debug_frame   0x00000744       0xcc /opt/st/stm32cubeide_2.1.1/plugins/com.st.stm32cube.ide.mcu.externaltools.gnu-tools-for-stm32.14.3.rel1.linux64_1.0.100.202602081740/tools/bin/../lib/gcc/arm-none-eabi/14.3.1/../../../../arm-none-eabi/lib/thumb/v7e-m+fp/hard/libc_nano.a(libc_a-signal.o)
 .debug_frame   0x00000810       0x38 /opt/st/stm32cubeide_2.1.1/plugins/com.st.stm32cube.ide.mcu.externaltools.gnu-tools-for-stm32.14.3.rel1.linux64_1.0.100.202602081740/tools/bin/../lib/gcc/arm-none-eabi/14.3.1/../../../../arm-none-eabi/lib/thumb/v7e-m+fp/hard/libc_nano.a(libc_a-reent.o)
 .debug_frame   0x00000848       0x3c /opt/st/stm32cubeide_2.1.1/plugins/com.st.stm32cube.ide.mcu.externaltools.gnu-tools-for-stm32.14.3.rel1.linux64_1.0.100.202602081740/tools/bin/../lib/gcc/arm-none-eabi/14.3.1/../../../../arm-none-eabi/lib/thumb/v7e-m+fp/hard/libc_nano.a(libc_a-signalr.o)
 .debug_frame   0x00000884       0x2c /opt/st/stm32cubeide_2.1.1/plugins/com.st.stm32cube.ide.mcu.externaltools.gnu-tools-for-stm32.14.3.rel1.linux64_1.0.100.202602081740/tools/bin/../lib/gcc/arm-none-eabi/14.3.1/../../../../arm-none-eabi/lib/thumb/v7e-m+fp/hard/libc_nano.a(libc_a-sbrkr.o)
 .debug_frame   0x000008b0       0x20 /opt/st/stm32cubeide_2.1.1/plugins/com.st.stm32cube.ide.mcu.externaltools.gnu-tools-for-stm32.14.3.rel1.linux64_1.0.100.202602081740/tools/bin/../lib/gcc/arm-none-eabi/14.3.1/../../../../arm-none-eabi/lib/thumb/v7e-m+fp/hard/libc_nano.a(libc_a-errno.o)
 .debug_frame   0x000008d0       0x2c /opt/st/stm32cubeide_2.1.1/plugins/com.st.stm32cube.ide.mcu.externaltools.gnu-tools-for-stm32.14.3.rel1.linux64_1.0.100.202602081740/tools/bin/../lib/gcc/arm-none-eabi/14.3.1/../../../../arm-none-eabi/lib/thumb/v7e-m+fp/hard/libc_nano.a(libc_a-init.o)
 .debug_frame   0x000008fc       0xb0 /opt/st/stm32cubeide_2.1.1/plugins/com.st.stm32cube.ide.mcu.externaltools.gnu-tools-for-stm32.14.3.rel1.linux64_1.0.100.202602081740/tools/bin/../lib/gcc/arm-none-eabi/14.3.1/../../../../arm-none-eabi/lib/thumb/v7e-m+fp/hard/libc_nano.a(libc_a-lock.o)
 .debug_frame   0x000009ac       0x38 /opt/st/stm32cubeide_2.1.1/plugins/com.st.stm32cube.ide.mcu.externaltools.gnu-tools-for-stm32.14.3.rel1.linux64_1.0.100.202602081740/tools/bin/../lib/gcc/arm-none-eabi/14.3.1/../../../../arm-none-eabi/lib/thumb/v7e-m+fp/hard/libc_nano.a(libc_a-freer.o)

.debug_line_str
                0x00000000       0x5d
 .debug_line_str
                0x00000000       0x5d ./Startup/startup_stm32f407vgtx.o
