../Src/observer_interrupt.cpp:9:6:void delay_ms(uint32_t)	24	static
../Src/observer_interrupt.cpp:16:6:void Button_EXTI_Init()	4	static
../Src/observer_interrupt.cpp:42:6:void gpio_init()	16	static
../Src/observer_interrupt.cpp:70:2:Button::Button(uint8_t)	16	static
../Src/observer_interrupt.cpp:74:7:void Button::attach(Observer*)	16	static
../Src/observer_interrupt.cpp:81:8:void Button::notifyObservers()	16	static
../Src/observer_interrupt.cpp:87:10:void Button::notify()	24	static
../Src/observer_interrupt.cpp:58:7:constexpr Observer::Observer()	16	static
../Src/observer_interrupt.cpp:101:2:greenLed::greenLed(uint8_t)	16	static
../Src/observer_interrupt.cpp:105:7:virtual void greenLed::onButtonPressed()	16	static
../Src/observer_interrupt.cpp:123:2:orangeLed::orangeLed(uint8_t)	16	static
../Src/observer_interrupt.cpp:127:7:virtual void orangeLed::onButtonPressed()	16	static
../Src/observer_interrupt.cpp:145:2:redLed::redLed(uint8_t)	16	static
../Src/observer_interrupt.cpp:149:7:virtual void redLed::onButtonPressed()	16	static
../Src/observer_interrupt.cpp:167:2:blueLed::blueLed(uint8_t)	16	static
../Src/observer_interrupt.cpp:171:7:virtual void blueLed::onButtonPressed()	16	static
../Src/observer_interrupt.cpp:185:17:void EXTI0_IRQHandler()	8	static
../Src/observer_interrupt.cpp:199:5:int main()	40	static,ignoring_inline_asm
