../Core/Src/MUTEX.cpp:95:5:int main()	24	static,ignoring_inline_asm
../Core/Src/MUTEX.cpp:187:6:void SystemClock_Config()	88	static
../Core/Src/MUTEX.cpp:233:13:void MX_I2C1_Init()	8	static
../Core/Src/MUTEX.cpp:267:13:void MX_I2S3_Init()	8	static
../Core/Src/MUTEX.cpp:301:13:void MX_SPI1_Init()	8	static
../Core/Src/MUTEX.cpp:339:13:void MX_GPIO_Init()	56	static
../Core/Src/MUTEX.cpp:486:13:void Entry_task(void*)	16	static
../Core/Src/MUTEX.cpp:506:13:void Exit_task(void*)	16	static
../Core/Src/MUTEX.cpp:542:6:void StartDefaultTask(void*)	16	static
../Core/Src/MUTEX.cpp:563:6:void HAL_TIM_PeriodElapsedCallback(TIM_HandleTypeDef*)	16	static
../Core/Src/MUTEX.cpp:580:6:void Error_Handler()	4	static,ignoring_inline_asm
