Archive member included to satisfy reference by file (symbol)

/opt/st/stm32cubeide_2.1.1/plugins/com.st.stm32cube.ide.mcu.externaltools.gnu-tools-for-stm32.14.3.rel1.linux64_1.0.100.202602081740/tools/bin/../lib/gcc/arm-none-eabi/14.3.1/../../../../arm-none-eabi/lib/thumb/v7e-m+fp/hard/libc_nano.a(libc_a-exit.o)
                              /opt/st/stm32cubeide_2.1.1/plugins/com.st.stm32cube.ide.mcu.externaltools.gnu-tools-for-stm32.14.3.rel1.linux64_1.0.100.202602081740/tools/bin/../lib/gcc/arm-none-eabi/14.3.1/../../../../arm-none-eabi/lib/thumb/v7e-m+fp/hard/crt0.o (exit)
/opt/st/stm32cubeide_2.1.1/plugins/com.st.stm32cube.ide.mcu.externaltools.gnu-tools-for-stm32.14.3.rel1.linux64_1.0.100.202602081740/tools/bin/../lib/gcc/arm-none-eabi/14.3.1/../../../../arm-none-eabi/lib/thumb/v7e-m+fp/hard/libc_nano.a(libc_a-findfp.o)
                              /opt/st/stm32cubeide_2.1.1/plugins/com.st.stm32cube.ide.mcu.externaltools.gnu-tools-for-stm32.14.3.rel1.linux64_1.0.100.202602081740/tools/bin/../lib/gcc/arm-none-eabi/14.3.1/../../../../arm-none-eabi/lib/thumb/v7e-m+fp/hard/libc_nano.a(libc_a-exit.o) (__stdio_exit_handler)
/opt/st/stm32cubeide_2.1.1/plugins/com.st.stm32cube.ide.mcu.externaltools.gnu-tools-for-stm32.14.3.rel1.linux64_1.0.100.202602081740/tools/bin/../lib/gcc/arm-none-eabi/14.3.1/../../../../arm-none-eabi/lib/thumb/v7e-m+fp/hard/libc_nano.a(libc_a-fwalk.o)
                              /opt/st/stm32cubeide_2.1.1/plugins/com.st.stm32cube.ide.mcu.externaltools.gnu-tools-for-stm32.14.3.rel1.linux64_1.0.100.202602081740/tools/bin/../lib/gcc/arm-none-eabi/14.3.1/../../../../arm-none-eabi/lib/thumb/v7e-m+fp/hard/libc_nano.a(libc_a-findfp.o) (_fwalk_sglue)
/opt/st/stm32cubeide_2.1.1/plugins/com.st.stm32cube.ide.mcu.externaltools.gnu-tools-for-stm32.14.3.rel1.linux64_1.0.100.202602081740/tools/bin/../lib/gcc/arm-none-eabi/14.3.1/../../../../arm-none-eabi/lib/thumb/v7e-m+fp/hard/libc_nano.a(libc_a-stdio.o)
                              /opt/st/stm32cubeide_2.1.1/plugins/com.st.stm32cube.ide.mcu.externaltools.gnu-tools-for-stm32.14.3.rel1.linux64_1.0.100.202602081740/tools/bin/../lib/gcc/arm-none-eabi/14.3.1/../../../../arm-none-eabi/lib/thumb/v7e-m+fp/hard/libc_nano.a(libc_a-findfp.o) (__sread)
/opt/st/stm32cubeide_2.1.1/plugins/com.st.stm32cube.ide.mcu.externaltools.gnu-tools-for-stm32.14.3.rel1.linux64_1.0.100.202602081740/tools/bin/../lib/gcc/arm-none-eabi/14.3.1/../../../../arm-none-eabi/lib/thumb/v7e-m+fp/hard/libc_nano.a(libc_a-memset.o)
                              /opt/st/stm32cubeide_2.1.1/plugins/com.st.stm32cube.ide.mcu.externaltools.gnu-tools-for-stm32.14.3.rel1.linux64_1.0.100.202602081740/tools/bin/../lib/gcc/arm-none-eabi/14.3.1/../../../../arm-none-eabi/lib/thumb/v7e-m+fp/hard/crt0.o (memset)
/opt/st/stm32cubeide_2.1.1/plugins/com.st.stm32cube.ide.mcu.externaltools.gnu-tools-for-stm32.14.3.rel1.linux64_1.0.100.202602081740/tools/bin/../lib/gcc/arm-none-eabi/14.3.1/../../../../arm-none-eabi/lib/thumb/v7e-m+fp/hard/libc_nano.a(libc_a-closer.o)
                              /opt/st/stm32cubeide_2.1.1/plugins/com.st.stm32cube.ide.mcu.externaltools.gnu-tools-for-stm32.14.3.rel1.linux64_1.0.100.202602081740/tools/bin/../lib/gcc/arm-none-eabi/14.3.1/../../../../arm-none-eabi/lib/thumb/v7e-m+fp/hard/libc_nano.a(libc_a-stdio.o) (_close_r)
/opt/st/stm32cubeide_2.1.1/plugins/com.st.stm32cube.ide.mcu.externaltools.gnu-tools-for-stm32.14.3.rel1.linux64_1.0.100.202602081740/tools/bin/../lib/gcc/arm-none-eabi/14.3.1/../../../../arm-none-eabi/lib/thumb/v7e-m+fp/hard/libc_nano.a(libc_a-reent.o)
                              /opt/st/stm32cubeide_2.1.1/plugins/com.st.stm32cube.ide.mcu.externaltools.gnu-tools-for-stm32.14.3.rel1.linux64_1.0.100.202602081740/tools/bin/../lib/gcc/arm-none-eabi/14.3.1/../../../../arm-none-eabi/lib/thumb/v7e-m+fp/hard/libc_nano.a(libc_a-closer.o) (errno)
/opt/st/stm32cubeide_2.1.1/plugins/com.st.stm32cube.ide.mcu.externaltools.gnu-tools-for-stm32.14.3.rel1.linux64_1.0.100.202602081740/tools/bin/../lib/gcc/arm-none-eabi/14.3.1/../../../../arm-none-eabi/lib/thumb/v7e-m+fp/hard/libc_nano.a(libc_a-impure.o)
                              /opt/st/stm32cubeide_2.1.1/plugins/com.st.stm32cube.ide.mcu.externaltools.gnu-tools-for-stm32.14.3.rel1.linux64_1.0.100.202602081740/tools/bin/../lib/gcc/arm-none-eabi/14.3.1/../../../../arm-none-eabi/lib/thumb/v7e-m+fp/hard/libc_nano.a(libc_a-reent.o) (_impure_ptr)
/opt/st/stm32cubeide_2.1.1/plugins/com.st.stm32cube.ide.mcu.externaltools.gnu-tools-for-stm32.14.3.rel1.linux64_1.0.100.202602081740/tools/bin/../lib/gcc/arm-none-eabi/14.3.1/../../../../arm-none-eabi/lib/thumb/v7e-m+fp/hard/libc_nano.a(libc_a-lseekr.o)
                              /opt/st/stm32cubeide_2.1.1/plugins/com.st.stm32cube.ide.mcu.externaltools.gnu-tools-for-stm32.14.3.rel1.linux64_1.0.100.202602081740/tools/bin/../lib/gcc/arm-none-eabi/14.3.1/../../../../arm-none-eabi/lib/thumb/v7e-m+fp/hard/libc_nano.a(libc_a-stdio.o) (_lseek_r)
[...]
Memory Configuration

Name             Origin             Length             Attributes
CCMRAM           0x10000000         0x00010000         xrw
RAM              0x20000000         0x00020000         xrw
FLASH            0x08000000         0x00100000         xr
*default*        0x00000000         0xffffffff

Linker script and memory map

LOAD /opt/st/stm32cubeide_2.1.1/plugins/com.st.stm32cube.ide.mcu.externaltools.gnu-tools-for-stm32.14.3.rel1.linux64_1.0.100.202602081740/tools/bin/../lib/gcc/arm-none-eabi/14.3.1/thumb/v7e-m+fp/hard/crti.o
LOAD /opt/st/stm32cubeide_2.1.1/plugins/com.st.stm32cube.ide.mcu.externaltools.gnu-tools-for-stm32.14.3.rel1.linux64_1.0.100.202602081740/tools/bin/../lib/gcc/arm-none-eabi/14.3.1/thumb/v7e-m+fp/hard/crtbegin.o
LOAD /opt/st/stm32cubeide_2.1.1/plugins/com.st.stm32cube.ide.mcu.externaltools.gnu-tools-for-stm32.14.3.rel1.linux64_1.0.100.202602081740/tools/bin/../lib/gcc/arm-none-eabi/14.3.1/../../../../arm-none-eabi/lib/thumb/v7e-m+fp/hard/crt0.o
LOAD ./Src/class_struct_header.o
LOAD ./Src/syscalls.o
LOAD ./Src/sysmem.o
LOAD ./Startup/startup_stm32f407vgtx.o
START GROUP
LOAD /opt/st/stm32cubeide_2.1.1/plugins/com.st.stm32cube.ide.mcu.externaltools.gnu-tools-for-stm32.14.3.rel1.linux64_1.0.100.202602081740/tools/bin/../lib/gcc/arm-none-eabi/14.3.1/../../../../arm-none-eabi/lib/thumb/v7e-m+fp/hard/libstdc++_nano.a
LOAD /opt/st/stm32cubeide_2.1.1/plugins/com.st.stm32cube.ide.mcu.externaltools.gnu-tools-for-stm32.14.3.rel1.linux64_1.0.100.202602081740/tools/bin/../lib/gcc/arm-none-eabi/14.3.1/../../../../arm-none-eabi/lib/thumb/v7e-m+fp/hard/libsupc++_nano.a
END GROUP
LOAD /opt/st/stm32cubeide_2.1.1/plugins/com.st.stm32cube.ide.mcu.externaltools.gnu-tools-for-stm32.14.3.rel1.linux64_1.0.100.202602081740/tools/bin/../lib/gcc/arm-none-eabi/14.3.1/../../../../arm-none-eabi/lib/thumb/v7e-m+fp/hard/libstdc++_nano.a
LOAD /opt/st/stm32cubeide_2.1.1/plugins/com.st.stm32cube.ide.mcu.externaltools.gnu-tools-for-stm32.14.3.rel1.linux64_1.0.100.202602081740/tools/bin/../lib/gcc/arm-none-eabi/14.3.1/../../../../arm-none-eabi/lib/thumb/v7e-m+fp/hard/libm.a
LOAD /opt/st/stm32cubeide_2.1.1/plugins/com.st.stm32cube.ide.mcu.externaltools.gnu-tools-for-stm32.14.3.rel1.linux64_1.0.100.202602081740/tools/bin/../lib/gcc/arm-none-eabi/14.3.1/../../../../arm-none-eabi/lib/thumb/v7e-m+fp/hard/libc_nano.a
START GROUP
LOAD /opt/st/stm32cubeide_2.1.1/plugins/com.st.stm32cube.ide.mcu.externaltools.gnu-tools-for-stm32.14.3.rel1.linux64_1.0.100.202602081740/tools/bin/../lib/gcc/arm-none-eabi/14.3.1/thumb/v7e-m+fp/hard/libgcc.a
LOAD /opt/st/stm32cubeide_2.1.1/plugins/com.st.stm32cube.ide.mcu.externaltools.gnu-tools-for-stm32.14.3.rel1.linux64_1.0.100.202602081740/tools/bin/../lib/gcc/arm-none-eabi/14.3.1/../../../../arm-none-eabi/lib/thumb/v7e-m+fp/hard/libc_nano.a
END GROUP
START GROUP
LOAD /opt/st/stm32cubeide_2.1.1/plugins/com.st.stm32cube.ide.mcu.externaltools.gnu-tools-for-stm32.14.3.rel1.linux64_1.0.100.202602081740/tools/bin/../lib/gcc/arm-none-eabi/14.3.1/thumb/v7e-m+fp/hard/libgcc.a
LOAD /opt/st/stm32cubeide_2.1.1/plugins/com.st.stm32cube.ide.mcu.externaltools.gnu-tools-for-stm32.14.3.rel1.linux64_1.0.100.202602081740/tools/bin/../lib/gcc/arm-none-eabi/14.3.1/../../../../arm-none-eabi/lib/thumb/v7e-m+fp/hard/libc_nano.a
LOAD /opt/st/stm32cubeide_2.1.1/plugins/com.st.stm32cube.ide.mcu.externaltools.gnu-tools-for-stm32.14.3.rel1.linux64_1.0.100.202602081740/tools/bin/../lib/gcc/arm-none-eabi/14.3.1/../../../../arm-none-eabi/lib/thumb/v7e-m+fp/hard/libnosys.a
END GROUP
START GROUP
LOAD /opt/st/stm32cubeide_2.1.1/plugins/com.st.stm32cube.ide.mcu.externaltools.gnu-tools-for-stm32.14.3.rel1.linux64_1.0.100.202602081740/tools/bin/../lib/gcc/arm-none-eabi/14.3.1/thumb/v7e-m+fp/hard/libgcc.a
LOAD /opt/st/stm32cubeide_2.1.1/plugins/com.st.stm32cube.ide.mcu.externaltools.gnu-tools-for-stm32.14.3.rel1.linux64_1.0.100.202602081740/tools/bin/../lib/gcc/arm-none-eabi/14.3.1/../../../../arm-none-eabi/lib/thumb/v7e-m+fp/hard/libc_nano.a
LOAD /opt/st/stm32cubeide_2.1.1/plugins/com.st.stm32cube.ide.mcu.externaltools.gnu-tools-for-stm32.14.3.rel1.linux64_1.0.100.202602081740/tools/bin/../lib/gcc/arm-none-eabi/14.3.1/../../../../arm-none-eabi/lib/thumb/v7e-m+fp/hard/libnosys.a
END GROUP
LOAD /opt/st/stm32cubeide_2.1.1/plugins/com.st.stm32cube.ide.mcu.externaltools.gnu-tools-for-stm32.14.3.rel1.linux64_1.0.100.202602081740/tools/bin/../lib/gcc/arm-none-eabi/14.3.1/thumb/v7e-m+fp/hard/crtend.o
LOAD /opt/st/stm32cubeide_2.1.1/plugins/com.st.stm32cube.ide.mcu.externaltools.gnu-tools-for-stm32.14.3.rel1.linux64_1.0.100.202602081740/tools/bin/../lib/gcc/arm-none-eabi/14.3.1/thumb/v7e-m+fp/hard/crtn.o
                0x20020000                        _estack = (ORIGIN (RAM) + LENGTH (RAM))
                0x00000200                        _Min_Heap_Size = 0x200
                0x00000400                        _Min_Stack_Size = 0x400

.isr_vector     0x08000000      0x188
                0x08000000                        . = ALIGN (0x4)
 *(.isr_vector)
 .isr_vector    0x08000000      0x188 ./Startup/startup_stm32f407vgtx.o
                0x08000000                g_pfnVectors
                0x08000188                        . = ALIGN (0x4)

.text           0x08000188      0x324
                0x08000188                        . = ALIGN (0x4)
 *(.text)
 .text          0x08000188       0x40 /opt/st/stm32cubeide_2.1.1/plugins/com.st.stm32cube.ide.mcu.externaltools.gnu-tools-for-stm32.14.3.rel1.linux64_1.0.100.202602081740/tools/bin/../lib/gcc/arm-none-eabi/14.3.1/thumb/v7e-m+fp/hard/crtbegin.o
 *(.text*)
 .text._ZN3LEDC2EP13GPIO_RegDef_th
                0x080001c8       0x80 ./Src/class_struct_header.o
                0x080001c8                LED::LED(GPIO_RegDef_t*, unsigned char)
                0x080001c8                LED::LED(GPIO_RegDef_t*, unsigned char)
 .text._ZN3LED6LedoffEv
                0x08000248       0x30 ./Src/class_struct_header.o
                0x08000248                LED::Ledoff()
 .text._ZN3LED6ToggleEv
                0x08000278       0x2e ./Src/class_struct_header.o
                0x08000278                LED::Toggle()
 *fill*         0x080002a6        0x2 
 .text._ZN3LED5delayEv
                0x080002a8       0x38 ./Src/class_struct_header.o
                0x080002a8                LED::delay()
 .text._ZN6SWITCHC2EP13GPIO_RegDef_th
                0x080002e0       0x64 ./Src/class_struct_header.o
                0x080002e0                SWITCH::SWITCH(GPIO_RegDef_t*, unsigned char)
                0x080002e0                SWITCH::SWITCH(GPIO_RegDef_t*, unsigned char)
 .text._ZN6SWITCH4readEv
                0x08000344       0x24 ./Src/class_struct_header.o
                0x08000344                SWITCH::read()
 .text.main     0x08000368       0x90 ./Src/class_struct_header.o
                0x08000368                main
 .text.Reset_Handler
                0x080003f8       0x50 ./Startup/startup_stm32f407vgtx.o
                0x080003f8                Reset_Handler
 .text.Default_Handler
                0x08000448        0x2 ./Startup/startup_stm32f407vgtx.o
                0x08000448                RTC_Alarm_IRQHandler
                0x08000448                HASH_RNG_IRQHandler
                0x08000448                EXTI2_IRQHandler
                0x08000448                TIM8_CC_IRQHandler
                0x08000448                DebugMon_Handler
                0x08000448                TIM1_CC_IRQHandler
                0x08000448                DMA2_Stream5_IRQHandler
                0x08000448                HardFault_Handler
                0x08000448                DMA1_Stream5_IRQHandler
                0x08000448                SysTick_Handler
                0x08000448                PVD_IRQHandler
                0x08000448                SDIO_IRQHandler
                0x08000448                TAMP_STAMP_IRQHandler
                0x08000448                PendSV_Handler
                0x08000448                NMI_Handler
                0x08000448                CAN2_RX1_IRQHandler
                0x08000448                EXTI3_IRQHandler
                0x08000448                TIM8_TRG_COM_TIM14_IRQHandler
                0x08000448                TIM1_UP_TIM10_IRQHandler
                0x08000448                TIM8_UP_TIM13_IRQHandler
                0x08000448                I2C3_ER_IRQHandler
                0x08000448                EXTI0_IRQHandler
                0x08000448                I2C2_EV_IRQHandler
                0x08000448                DMA1_Stream2_IRQHandler
                0x08000448                CAN1_RX0_IRQHandler
                0x08000448                FPU_IRQHandler
                0x08000448                OTG_HS_WKUP_IRQHandler
                0x08000448                UsageFault_Handler
                0x08000448                CAN2_SCE_IRQHandler
                0x08000448                DMA2_Stream2_IRQHandler
                0x08000448                SPI1_IRQHandler
                0x08000448                TIM6_DAC_IRQHandler
                0x08000448                TIM1_BRK_TIM9_IRQHandler
                0x08000448                DCMI_IRQHandler
                0x08000448                CAN2_RX0_IRQHandler
                0x08000448                DMA2_Stream3_IRQHandler
                0x08000448                USART6_IRQHandler
                0x08000448                USART3_IRQHandler
                0x08000448                CRYP_IRQHandler
                0x08000448                CAN1_RX1_IRQHandler
                0x08000448                UART5_IRQHandler
                0x08000448                DMA2_Stream0_IRQHandler
                0x08000448                TIM4_IRQHandler
                0x08000448                I2C1_EV_IRQHandler
                0x08000448                DMA1_Stream6_IRQHandler
                0x08000448                DMA1_Stream1_IRQHandler
                0x08000448                UART4_IRQHandler
                0x08000448                TIM3_IRQHandler
                0x08000448                RCC_IRQHandler
                0x08000448                TIM8_BRK_TIM12_IRQHandler
                0x08000448                Default_Handler
                0x08000448                EXTI15_10_IRQHandler
                0x08000448                ADC_IRQHandler
                0x08000448                DMA1_Stream7_IRQHandler
                0x08000448                TIM7_IRQHandler
                0x08000448                CAN2_TX_IRQHandler
                0x08000448                TIM5_IRQHandler
                0x08000448                DMA2_Stream7_IRQHandler
                0x08000448                I2C3_EV_IRQHandler
                0x08000448                EXTI9_5_IRQHandler
                0x08000448                RTC_WKUP_IRQHandler
                0x08000448                ETH_WKUP_IRQHandler
                0x08000448                SPI2_IRQHandler
                0x08000448                OTG_HS_EP1_IN_IRQHandler
                0x08000448                MemManage_Handler
                0x08000448                DMA1_Stream0_IRQHandler
                0x08000448                CAN1_TX_IRQHandler
                0x08000448                SVC_Handler
                0x08000448                EXTI4_IRQHandler
                0x08000448                FSMC_IRQHandler
                0x08000448                ETH_IRQHandler
                0x08000448                OTG_HS_EP1_OUT_IRQHandler
                0x08000448                WWDG_IRQHandler
                0x08000448                TIM2_IRQHandler
                0x08000448                OTG_FS_WKUP_IRQHandler
                0x08000448                TIM1_TRG_COM_TIM11_IRQHandler
                0x08000448                OTG_HS_IRQHandler
                0x08000448                EXTI1_IRQHandler
                0x08000448                USART2_IRQHandler
                0x08000448                I2C2_ER_IRQHandler
                0x08000448                DMA2_Stream1_IRQHandler
                0x08000448                CAN1_SCE_IRQHandler
                0x08000448                DMA2_Stream4_IRQHandler
                0x08000448                BusFault_Handler
                0x08000448                USART1_IRQHandler
                0x08000448                OTG_FS_IRQHandler
                0x08000448                SPI3_IRQHandler
                0x08000448                DMA1_Stream4_IRQHandler
                0x08000448                I2C1_ER_IRQHandler
                0x08000448                DMA2_Stream6_IRQHandler
                0x08000448                DMA1_Stream3_IRQHandler
 *fill*         0x0800044a        0x2 
 .text.__libc_init_array
                0x0800044c       0x48 /opt/st/stm32cubeide_2.1.1/plugins/com.st.stm32cube.ide.mcu.externaltools.gnu-tools-for-stm32.14.3.rel1.linux64_1.0.100.202602081740/tools/bin/../lib/gcc/arm-none-eabi/14.3.1/../../../../arm-none-eabi/lib/thumb/v7e-m+fp/hard/libc_nano.a(libc_a-init.o)
                0x0800044c                __libc_init_array
 *(.glue_7)
 .glue_7        0x08000494        0x0 linker stubs
 *(.glue_7t)
 .glue_7t       0x08000494        0x0 linker stubs
 *(.eh_frame)
 .eh_frame      0x08000494        0x0 /opt/st/stm32cubeide_2.1.1/plugins/com.st.stm32cube.ide.mcu.externaltools.gnu-tools-for-stm32.14.3.rel1.linux64_1.0.100.202602081740/tools/bin/../lib/gcc/arm-none-eabi/14.3.1/thumb/v7e-m+fp/hard/crtbegin.o
 *(.init)
 .init          0x08000494        0x4 /opt/st/stm32cubeide_2.1.1/plugins/com.st.stm32cube.ide.mcu.externaltools.gnu-tools-for-stm32.14.3.rel1.linux64_1.0.100.202602081740/tools/bin/../lib/gcc/arm-none-eabi/14.3.1/thumb/v7e-m+fp/hard/crti.o
                0x08000494                _init
 .init          0x08000498        0x8 /opt/st/stm32cubeide_2.1.1/plugins/com.st.stm32cube.ide.mcu.externaltools.gnu-tools-for-stm32.14.3.rel1.linux64_1.0.100.202602081740/tools/bin/../lib/gcc/arm-none-eabi/14.3.1/thumb/v7e-m+fp/hard/crtn.o
 *(.fini)
 .fini          0x080004a0        0x4 /opt/st/stm32cubeide_2.1.1/plugins/com.st.stm32cube.ide.mcu.externaltools.gnu-tools-for-stm32.14.3.rel1.linux64_1.0.100.202602081740/tools/bin/../lib/gcc/arm-none-eabi/14.3.1/thumb/v7e-m+fp/hard/crti.o
                0x080004a0                _fini
 .fini          0x080004a4        0x8 /opt/st/stm32cubeide_2.1.1/plugins/com.st.stm32cube.ide.mcu.externaltools.gnu-tools-for-stm32.14.3.rel1.linux64_1.0.100.202602081740/tools/bin/../lib/gcc/arm-none-eabi/14.3.1/thumb/v7e-m+fp/hard/crtn.o
                0x080004ac                        . = ALIGN (0x4)
                0x080004ac                        _etext = .

.vfp11_veneer   0x080004ac        0x0
 .vfp11_veneer  0x080004ac        0x0 linker stubs

.v4_bx          0x080004ac        0x0
 .v4_bx         0x080004ac        0x0 linker stubs

.iplt           0x080004ac        0x0
 .iplt          0x080004ac        0x0 /opt/st/stm32cubeide_2.1.1/plugins/com.st.stm32cube.ide.mcu.externaltools.gnu-tools-for-stm32.14.3.rel1.linux64_1.0.100.202602081740/tools/bin/../lib/gcc/arm-none-eabi/14.3.1/thumb/v7e-m+fp/hard/crtbegin.o

.rodata         0x080004ac        0x0
                0x080004ac                        . = ALIGN (0x4)
 *(.rodata)
 *(.rodata*)
                0x080004ac                        . = ALIGN (0x4)

.ARM.extab      0x080004ac        0x0
                0x080004ac                        . = ALIGN (0x4)
 *(.ARM.extab* .gnu.linkonce.armextab.*)
                0x080004ac                        . = ALIGN (0x4)

.ARM            0x080004ac        0x0
                0x080004ac                        . = ALIGN (0x4)
                0x080004ac                        __exidx_start = .
 *(.ARM.exidx*)
                0x080004ac                        __exidx_end = .
                0x080004ac                        . = ALIGN (0x4)

.preinit_array  0x080004ac        0x0
                0x080004ac                        . = ALIGN (0x4)
                0x080004ac                        PROVIDE (__preinit_array_start = .)
 *(.preinit_array*)
                0x080004ac                        PROVIDE (__preinit_array_end = .)
                0x080004ac                        . = ALIGN (0x4)

.init_array     0x080004ac        0x4
                0x080004ac                        . = ALIGN (0x4)
                0x080004ac                        PROVIDE (__init_array_start = .)
 *(SORT_BY_NAME(.init_array.*))
 *(.init_array*)
 .init_array    0x080004ac        0x4 /opt/st/stm32cubeide_2.1.1/plugins/com.st.stm32cube.ide.mcu.externaltools.gnu-tools-for-stm32.14.3.rel1.linux64_1.0.100.202602081740/tools/bin/../lib/gcc/arm-none-eabi/14.3.1/thumb/v7e-m+fp/hard/crtbegin.o
                0x080004b0                        PROVIDE (__init_array_end = .)
                0x080004b0                        . = ALIGN (0x4)

.fini_array     0x080004b0        0x4
                0x080004b0                        . = ALIGN (0x4)
                [!provide]                        PROVIDE (__fini_array_start = .)
 *(SORT_BY_NAME(.fini_array.*))
 *(.fini_array*)
 .fini_array    0x080004b0        0x4 /opt/st/stm32cubeide_2.1.1/plugins/com.st.stm32cube.ide.mcu.externaltools.gnu-tools-for-stm32.14.3.rel1.linux64_1.0.100.202602081740/tools/bin/../lib/gcc/arm-none-eabi/14.3.1/thumb/v7e-m+fp/hard/crtbegin.o
                [!provide]                        PROVIDE (__fini_array_end = .)
                0x080004b4                        . = ALIGN (0x4)
                0x080004b4                        _sidata = LOADADDR (.data)

.rel.dyn        0x080004b4        0x0
 .rel.iplt      0x080004b4        0x0 /opt/st/stm32cubeide_2.1.1/plugins/com.st.stm32cube.ide.mcu.externaltools.gnu-tools-for-stm32.14.3.rel1.linux64_1.0.100.202602081740/tools/bin/../lib/gcc/arm-none-eabi/14.3.1/thumb/v7e-m+fp/hard/crtbegin.o

.data           0x20000000        0x0 load address 0x080004b4
                0x20000000                        . = ALIGN (0x4)
                0x20000000                        _sdata = .
 *(.data)
 *(.data*)
 *(.RamFunc)
 *(.RamFunc*)
                0x20000000                        . = ALIGN (0x4)
                0x20000000                        _edata = .
                0x080004b4                        _siccmram = LOADADDR (.ccmram)

.igot.plt       0x20000000        0x0 load address 0x080004b4
 .igot.plt      0x20000000        0x0 /opt/st/stm32cubeide_2.1.1/plugins/com.st.stm32cube.ide.mcu.externaltools.gnu-tools-for-stm32.14.3.rel1.linux64_1.0.100.202602081740/tools/bin/../lib/gcc/arm-none-eabi/14.3.1/thumb/v7e-m+fp/hard/crtbegin.o

.ccmram         0x10000000        0x0 load address 0x080004b4
                0x10000000                        . = ALIGN (0x4)
                0x10000000                        _sccmram = .
 *(.ccmram)
 *(.ccmram*)
                0x10000000                        . = ALIGN (0x4)
                0x10000000                        _eccmram = .
                0x10000000                        . = ALIGN (0x4)

.bss            0x20000000       0x1c
                0x20000000                        _sbss = .
                0x20000000                        __bss_start__ = _sbss
 *(.bss)
 .bss           0x20000000       0x1c /opt/st/stm32cubeide_2.1.1/plugins/com.st.stm32cube.ide.mcu.externaltools.gnu-tools-for-stm32.14.3.rel1.linux64_1.0.100.202602081740/tools/bin/../lib/gcc/arm-none-eabi/14.3.1/thumb/v7e-m+fp/hard/crtbegin.o
 *(.bss*)
 *(COMMON)
                0x2000001c                        . = ALIGN (0x4)
                0x2000001c                        _ebss = .
                0x2000001c                        __bss_end__ = _ebss

._user_heap_stack
                0x2000001c      0x604
                0x20000020                        . = ALIGN (0x8)
 *fill*         0x2000001c        0x4 
                [!provide]                        PROVIDE (end = .)
                0x20000020                        PROVIDE (_end = .)
                0x20000220                        . = (. + _Min_Heap_Size)
 *fill*         0x20000020      0x200 
                0x20000620                        . = (. + _Min_Stack_Size)
 *fill*         0x20000220      0x400 
                0x20000620                        . = ALIGN (0x8)

/DISCARD/
 libc.a(*)
 libm.a(*)
 libgcc.a(*)

.ARM.attributes
                0x00000000       0x30
 *(.ARM.attributes)
 .ARM.attributes
                0x00000000       0x22 /opt/st/stm32cubeide_2.1.1/plugins/com.st.stm32cube.ide.mcu.externaltools.gnu-tools-for-stm32.14.3.rel1.linux64_1.0.100.202602081740/tools/bin/../lib/gcc/arm-none-eabi/14.3.1/thumb/v7e-m+fp/hard/crti.o
 .ARM.attributes
                0x00000022       0x34 /opt/st/stm32cubeide_2.1.1/plugins/com.st.stm32cube.ide.mcu.externaltools.gnu-tools-for-stm32.14.3.rel1.linux64_1.0.100.202602081740/tools/bin/../lib/gcc/arm-none-eabi/14.3.1/thumb/v7e-m+fp/hard/crtbegin.o
 .ARM.attributes
                0x00000056       0x34 ./Src/class_struct_header.o
 .ARM.attributes
                0x0000008a       0x21 ./Startup/startup_stm32f407vgtx.o
 .ARM.attributes
                0x000000ab       0x34 /opt/st/stm32cubeide_2.1.1/plugins/com.st.stm32cube.ide.mcu.externaltools.gnu-tools-for-stm32.14.3.rel1.linux64_1.0.100.202602081740/tools/bin/../lib/gcc/arm-none-eabi/14.3.1/../../../../arm-none-eabi/lib/thumb/v7e-m+fp/hard/libc_nano.a(libc_a-init.o)
 .ARM.attributes
                0x000000df       0x22 /opt/st/stm32cubeide_2.1.1/plugins/com.st.stm32cube.ide.mcu.externaltools.gnu-tools-for-stm32.14.3.rel1.linux64_1.0.100.202602081740/tools/bin/../lib/gcc/arm-none-eabi/14.3.1/thumb/v7e-m+fp/hard/crtn.o
OUTPUT(struct_header_class.elf elf32-littlearm)
LOAD linker stubs
LOAD /opt/st/stm32cubeide_2.1.1/plugins/com.st.stm32cube.ide.mcu.externaltools.gnu-tools-for-stm32.14.3.rel1.linux64_1.0.100.202602081740/tools/bin/../lib/gcc/arm-none-eabi/14.3.1/../../../../arm-none-eabi/lib/thumb/v7e-m+fp/hard/libc.a
LOAD /opt/st/stm32cubeide_2.1.1/plugins/com.st.stm32cube.ide.mcu.externaltools.gnu-tools-for-stm32.14.3.rel1.linux64_1.0.100.202602081740/tools/bin/../lib/gcc/arm-none-eabi/14.3.1/../../../../arm-none-eabi/lib/thumb/v7e-m+fp/hard/libm.a
LOAD /opt/st/stm32cubeide_2.1.1/plugins/com.st.stm32cube.ide.mcu.externaltools.gnu-tools-for-stm32.14.3.rel1.linux64_1.0.100.202602081740/tools/bin/../lib/gcc/arm-none-eabi/14.3.1/thumb/v7e-m+fp/hard/libgcc.a

.debug_info     0x00000000     0x495b
 .debug_info    0x00000000     0x492b ./Src/class_struct_header.o
 .debug_info    0x0000492b       0x30 ./Startup/startup_stm32f407vgtx.o

.debug_abbrev   0x00000000      0x767
 .debug_abbrev  0x00000000      0x743 ./Src/class_struct_header.o
 .debug_abbrev  0x00000743       0x24 ./Startup/startup_stm32f407vgtx.o

.debug_aranges  0x00000000       0x80
 .debug_aranges
                0x00000000       0x58 ./Src/class_struct_header.o
 .debug_aranges
                0x00000058       0x28 ./Startup/startup_stm32f407vgtx.o

.debug_rnglists
                0x00000000       0x58
 .debug_rnglists
                0x00000000       0x3f ./Src/class_struct_header.o
 .debug_rnglists
                0x0000003f       0x19 ./Startup/startup_stm32f407vgtx.o

.debug_macro    0x00000000     0x5864
 .debug_macro   0x00000000      0x69a ./Src/class_struct_header.o
 .debug_macro   0x0000069a      0xbbc ./Src/class_struct_header.o
 .debug_macro   0x00001256       0x1c ./Src/class_struct_header.o
 .debug_macro   0x00001272       0x22 ./Src/class_struct_header.o
 .debug_macro   0x00001294       0x8e ./Src/class_struct_header.o
 .debug_macro   0x00001322       0x51 ./Src/class_struct_header.o
 .debug_macro   0x00001373      0x103 ./Src/class_struct_header.o
 .debug_macro   0x00001476       0x6a ./Src/class_struct_header.o
 .debug_macro   0x000014e0      0x1df ./Src/class_struct_header.o
 .debug_macro   0x000016bf      0x1f2 ./Src/class_struct_header.o
 .debug_macro   0x000018b1       0x10 ./Src/class_struct_header.o
 .debug_macro   0x000018c1      0x4fe ./Src/class_struct_header.o
 .debug_macro   0x00001dbf       0x61 ./Src/class_struct_header.o
 .debug_macro   0x00001e20       0x2a ./Src/class_struct_header.o
 .debug_macro   0x00001e4a       0x43 ./Src/class_struct_header.o
 .debug_macro   0x00001e8d       0x34 ./Src/class_struct_header.o
 .debug_macro   0x00001ec1      0x197 ./Src/class_struct_header.o
 .debug_macro   0x00002058      0x380 ./Src/class_struct_header.o
 .debug_macro   0x000023d8       0x16 ./Src/class_struct_header.o
 .debug_macro   0x000023ee       0x4a ./Src/class_struct_header.o
 .debug_macro   0x00002438       0x34 ./Src/class_struct_header.o
 .debug_macro   0x0000246c       0x10 ./Src/class_struct_header.o
 .debug_macro   0x0000247c       0x58 ./Src/class_struct_header.o
 .debug_macro   0x000024d4       0x8e ./Src/class_struct_header.o
 .debug_macro   0x00002562       0x16 ./Src/class_struct_header.o
 .debug_macro   0x00002578      0x17e ./Src/class_struct_header.o
 .debug_macro   0x000026f6       0x1c ./Src/class_struct_header.o
 .debug_macro   0x00002712       0x43 ./Src/class_struct_header.o
 .debug_macro   0x00002755       0x10 ./Src/class_struct_header.o
 .debug_macro   0x00002765       0x10 ./Src/class_struct_header.o
 .debug_macro   0x00002775       0x33 ./Src/class_struct_header.o
 .debug_macro   0x000027a8      0x173 ./Src/class_struct_header.o
 .debug_macro   0x0000291b      0x5eb ./Src/class_struct_header.o
 .debug_macro   0x00002f06       0x1c ./Src/class_struct_header.o
 .debug_macro   0x00002f22       0x10 ./Src/class_struct_header.o
 .debug_macro   0x00002f32      0x5df ./Src/class_struct_header.o
 .debug_macro   0x00003511       0x1c ./Src/class_struct_header.o
 .debug_macro   0x0000352d       0x94 ./Src/class_struct_header.o
 .debug_macro   0x000035c1      0x60d ./Src/class_struct_header.o
 .debug_macro   0x00003bce       0x19 ./Src/class_struct_header.o
 .debug_macro   0x00003be7       0x11 ./Src/class_struct_header.o
 .debug_macro   0x00003bf8       0x10 ./Src/class_struct_header.o
 .debug_macro   0x00003c08       0x3c ./Src/class_struct_header.o
 .debug_macro   0x00003c44       0x5e ./Src/class_struct_header.o
 .debug_macro   0x00003ca2       0x16 ./Src/class_struct_header.o
 .debug_macro   0x00003cb8       0x52 ./Src/class_struct_header.o
 .debug_macro   0x00003d0a       0x5e ./Src/class_struct_header.o
 .debug_macro   0x00003d68       0x11 ./Src/class_struct_header.o
 .debug_macro   0x00003d79       0x2f ./Src/class_struct_header.o
 .debug_macro   0x00003da8       0x16 ./Src/class_struct_header.o
 .debug_macro   0x00003dbe       0x2c ./Src/class_struct_header.o
 .debug_macro   0x00003dea      0x5b1 ./Src/class_struct_header.o
 .debug_macro   0x0000439b       0x12 ./Src/class_struct_header.o
 .debug_macro   0x000043ad       0x28 ./Src/class_struct_header.o
 .debug_macro   0x000043d5       0x2e ./Src/class_struct_header.o
 .debug_macro   0x00004403       0x12 ./Src/class_struct_header.o
 .debug_macro   0x00004415       0x4f ./Src/class_struct_header.o
 .debug_macro   0x00004464       0x20 ./Src/class_struct_header.o
 .debug_macro   0x00004484       0x88 ./Src/class_struct_header.o
 .debug_macro   0x0000450c       0x10 ./Src/class_struct_header.o
 .debug_macro   0x0000451c       0x22 ./Src/class_struct_header.o
 .debug_macro   0x0000453e       0x12 ./Src/class_struct_header.o
 .debug_macro   0x00004550       0x1c ./Src/class_struct_header.o
 .debug_macro   0x0000456c       0x10 ./Src/class_struct_header.o
 .debug_macro   0x0000457c       0x16 ./Src/class_struct_header.o
 .debug_macro   0x00004592       0x16 ./Src/class_struct_header.o
 .debug_macro   0x000045a8       0x29 ./Src/class_struct_header.o
 .debug_macro   0x000045d1       0x1c ./Src/class_struct_header.o
 .debug_macro   0x000045ed       0xde ./Src/class_struct_header.o
 .debug_macro   0x000046cb       0x1c ./Src/class_struct_header.o
 .debug_macro   0x000046e7       0x10 ./Src/class_struct_header.o
 .debug_macro   0x000046f7       0x16 ./Src/class_struct_header.o
 .debug_macro   0x0000470d      0x131 ./Src/class_struct_header.o
 .debug_macro   0x0000483e      0x11d ./Src/class_struct_header.o
 .debug_macro   0x0000495b       0x10 ./Src/class_struct_header.o
 .debug_macro   0x0000496b      0x242 ./Src/class_struct_header.o
 .debug_macro   0x00004bad       0x17 ./Src/class_struct_header.o
 .debug_macro   0x00004bc4       0x12 ./Src/class_struct_header.o
 .debug_macro   0x00004bd6       0x18 ./Src/class_struct_header.o
 .debug_macro   0x00004bee       0x34 ./Src/class_struct_header.o
 .debug_macro   0x00004c22      0x5be ./Src/class_struct_header.o
 .debug_macro   0x000051e0       0x17 ./Src/class_struct_header.o
 .debug_macro   0x000051f7       0x17 ./Src/class_struct_header.o
 .debug_macro   0x0000520e       0x10 ./Src/class_struct_header.o
 .debug_macro   0x0000521e       0x10 ./Src/class_struct_header.o
 .debug_macro   0x0000522e       0x76 ./Src/class_struct_header.o
 .debug_macro   0x000052a4       0x1c ./Src/class_struct_header.o
 .debug_macro   0x000052c0      0x5a4 ./Src/class_struct_header.o

.debug_line     0x00000000     0x112e
 .debug_line    0x00000000     0x10b3 ./Src/class_struct_header.o
 .debug_line    0x000010b3       0x7b ./Startup/startup_stm32f407vgtx.o

.debug_str      0x00000000    0x1397c
 .debug_str     0x00000000    0x1397c ./Src/class_struct_header.o
                              0x13eb3 (size before relaxing)
 .debug_str     0x0001397c       0x81 ./Startup/startup_stm32f407vgtx.o

.comment        0x00000000       0x43
 .comment       0x00000000       0x43 ./Src/class_struct_header.o
                                 0x44 (size before relaxing)

.debug_frame    0x00000000      0x158
 .debug_frame   0x00000000      0x12c ./Src/class_struct_header.o
 .debug_frame   0x0000012c       0x2c /opt/st/stm32cubeide_2.1.1/plugins/com.st.stm32cube.ide.mcu.externaltools.gnu-tools-for-stm32.14.3.rel1.linux64_1.0.100.202602081740/tools/bin/../lib/gcc/arm-none-eabi/14.3.1/../../../../arm-none-eabi/lib/thumb/v7e-m+fp/hard/libc_nano.a(libc_a-init.o)

.debug_line_str
                0x00000000       0x65
 .debug_line_str
                0x00000000       0x65 ./Startup/startup_stm32f407vgtx.o
