16:33:48 **** Build of configuration Debug for project RTOS_CPP_TASK_STATES ****
make -j12 all 
arm-none-eabi-g++ "../Core/Src/task_states.cpp" -mcpu=cortex-m4 -std=gnu++14 -g3 -DDEBUG -DUSE_HAL_DRIVER -DSTM32F407xx -c -I../USB_HOST/App -I../USB_HOST/Target -I../Core/Inc -I../Drivers/STM32F4xx_HAL_Driver/Inc -I../Drivers/STM32F4xx_HAL_Driver/Inc/Legacy -I../Middlewares/ST/STM32_USB_Host_Library/Core/Inc -I../Middlewares/ST/STM32_USB_Host_Library/Class/CDC/Inc -I../Drivers/CMSIS/Device/ST/STM32F4xx/Include -I../Drivers/CMSIS/Include -I../Middlewares/Third_Party/FreeRTOS/Source/include -I../Middlewares/Third_Party/FreeRTOS/Source/CMSIS_RTOS_V2 -I../Middlewares/Third_Party/FreeRTOS/Source/portable/GCC/ARM_CM4F -O0 -ffunction-sections -fdata-sections -fno-exceptions -fno-rtti -fno-use-cxa-atexit -Wall -fstack-usage -fcyclomatic-complexity -MMD -MP -MF"Core/Src/task_states.d" -MT"Core/Src/task_states.o" --specs=nano.specs -mfpu=fpv4-sp-d16 -mfloat-abi=hard -mthumb -o "Core/Src/task_states.o"
arm-none-eabi-g++ -o "RTOS_CPP_TASK_STATES.elf" @"objects.list"   -mcpu=cortex-m4 -T"/home/dell/STM32CubeIDE/workspace_2.1.1/RTOS_CPP_TASK_STATES/STM32F407VGTX_FLASH.ld" --specs=nosys.specs -Wl,-Map="RTOS_CPP_TASK_STATES.map" -Wl,--gc-sections -static --specs=nano.specs -mfpu=fpv4-sp-d16 -mfloat-abi=hard -mthumb -Wl,--start-group -lc -lm -lstdc++ -lsupc++ -Wl,--end-group
/opt/st/stm32cubeide_2.1.1/plugins/com.st.stm32cube.ide.mcu.externaltools.gnu-tools-for-stm32.14.3.rel1.linux64_1.0.100.202602081740/tools/bin/../lib/gcc/arm-none-eabi/14.3.1/../../../../arm-none-eabi/bin/ld: warning: RTOS_CPP_TASK_STATES.elf has a LOAD segment with RWX permissions
Finished building target: RTOS_CPP_TASK_STATES.elf
 
arm-none-eabi-size  RTOS_CPP_TASK_STATES.elf 
arm-none-eabi-objdump -h -S RTOS_CPP_TASK_STATES.elf  > "RTOS_CPP_TASK_STATES.list"
   text	   data	    bss	    dec	    hex	filename
  26768	    104	  21672	  48544	   bda0	RTOS_CPP_TASK_STATES.elf
Finished building: default.size.stdout
 
Finished building: RTOS_CPP_TASK_STATES.list
 

16:33:49 Build Finished. 0 errors, 1 warnings. (took 606ms)

